Archive member included to satisfy reference by file (symbol)

C:/ST/STM32CubeIDE_1.14.0/STM32CubeIDE/plugins/com.st.stm32cube.ide.mcu.externaltools.gnu-tools-for-stm32.11.3.rel1.win32_1.1.100.202309141235/tools/bin/../lib/gcc/arm-none-eabi/11.3.1/../../../../arm-none-eabi/lib/thumb/v6-m/nofp\libc_nano.a(libc_a-exit.o)
                              C:/ST/STM32CubeIDE_1.14.0/STM32CubeIDE/plugins/com.st.stm32cube.ide.mcu.externaltools.gnu-tools-for-stm32.11.3.rel1.win32_1.1.100.202309141235/tools/bin/../lib/gcc/arm-none-eabi/11.3.1/../../../../arm-none-eabi/lib/thumb/v6-m/nofp/crt0.o (exit)
C:/ST/STM32CubeIDE_1.14.0/STM32CubeIDE/plugins/com.st.stm32cube.ide.mcu.externaltools.gnu-tools-for-stm32.11.3.rel1.win32_1.1.100.202309141235/tools/bin/../lib/gcc/arm-none-eabi/11.3.1/../../../../arm-none-eabi/lib/thumb/v6-m/nofp\libc_nano.a(libc_a-rand.o)
                              ./Core/Src/main.o (rand)
C:/ST/STM32CubeIDE_1.14.0/STM32CubeIDE/plugins/com.st.stm32cube.ide.mcu.externaltools.gnu-tools-for-stm32.11.3.rel1.win32_1.1.100.202309141235/tools/bin/../lib/gcc/arm-none-eabi/11.3.1/../../../../arm-none-eabi/lib/thumb/v6-m/nofp\libc_nano.a(libc_a-findfp.o)
                              C:/ST/STM32CubeIDE_1.14.0/STM32CubeIDE/plugins/com.st.stm32cube.ide.mcu.externaltools.gnu-tools-for-stm32.11.3.rel1.win32_1.1.100.202309141235/tools/bin/../lib/gcc/arm-none-eabi/11.3.1/../../../../arm-none-eabi/lib/thumb/v6-m/nofp\libc_nano.a(libc_a-exit.o) (__stdio_exit_handler)
C:/ST/STM32CubeIDE_1.14.0/STM32CubeIDE/plugins/com.st.stm32cube.ide.mcu.externaltools.gnu-tools-for-stm32.11.3.rel1.win32_1.1.100.202309141235/tools/bin/../lib/gcc/arm-none-eabi/11.3.1/../../../../arm-none-eabi/lib/thumb/v6-m/nofp\libc_nano.a(libc_a-fwalk.o)
                              C:/ST/STM32CubeIDE_1.14.0/STM32CubeIDE/plugins/com.st.stm32cube.ide.mcu.externaltools.gnu-tools-for-stm32.11.3.rel1.win32_1.1.100.202309141235/tools/bin/../lib/gcc/arm-none-eabi/11.3.1/../../../../arm-none-eabi/lib/thumb/v6-m/nofp\libc_nano.a(libc_a-findfp.o) (_fwalk_sglue)
C:/ST/STM32CubeIDE_1.14.0/STM32CubeIDE/plugins/com.st.stm32cube.ide.mcu.externaltools.gnu-tools-for-stm32.11.3.rel1.win32_1.1.100.202309141235/tools/bin/../lib/gcc/arm-none-eabi/11.3.1/../../../../arm-none-eabi/lib/thumb/v6-m/nofp\libc_nano.a(libc_a-stdio.o)
                              C:/ST/STM32CubeIDE_1.14.0/STM32CubeIDE/plugins/com.st.stm32cube.ide.mcu.externaltools.gnu-tools-for-stm32.11.3.rel1.win32_1.1.100.202309141235/tools/bin/../lib/gcc/arm-none-eabi/11.3.1/../../../../arm-none-eabi/lib/thumb/v6-m/nofp\libc_nano.a(libc_a-findfp.o) (__sread)
C:/ST/STM32CubeIDE_1.14.0/STM32CubeIDE/plugins/com.st.stm32cube.ide.mcu.externaltools.gnu-tools-for-stm32.11.3.rel1.win32_1.1.100.202309141235/tools/bin/../lib/gcc/arm-none-eabi/11.3.1/../../../../arm-none-eabi/lib/thumb/v6-m/nofp\libc_nano.a(libc_a-memset.o)
                              C:/ST/STM32CubeIDE_1.14.0/STM32CubeIDE/plugins/com.st.stm32cube.ide.mcu.externaltools.gnu-tools-for-stm32.11.3.rel1.win32_1.1.100.202309141235/tools/bin/../lib/gcc/arm-none-eabi/11.3.1/../../../../arm-none-eabi/lib/thumb/v6-m/nofp/crt0.o (memset)
C:/ST/STM32CubeIDE_1.14.0/STM32CubeIDE/plugins/com.st.stm32cube.ide.mcu.externaltools.gnu-tools-for-stm32.11.3.rel1.win32_1.1.100.202309141235/tools/bin/../lib/gcc/arm-none-eabi/11.3.1/../../../../arm-none-eabi/lib/thumb/v6-m/nofp\libc_nano.a(libc_a-closer.o)
                              C:/ST/STM32CubeIDE_1.14.0/STM32CubeIDE/plugins/com.st.stm32cube.ide.mcu.externaltools.gnu-tools-for-stm32.11.3.rel1.win32_1.1.100.202309141235/tools/bin/../lib/gcc/arm-none-eabi/11.3.1/../../../../arm-none-eabi/lib/thumb/v6-m/nofp\libc_nano.a(libc_a-stdio.o) (_close_r)
C:/ST/STM32CubeIDE_1.14.0/STM32CubeIDE/plugins/com.st.stm32cube.ide.mcu.externaltools.gnu-tools-for-stm32.11.3.rel1.win32_1.1.100.202309141235/tools/bin/../lib/gcc/arm-none-eabi/11.3.1/../../../../arm-none-eabi/lib/thumb/v6-m/nofp\libc_nano.a(libc_a-reent.o)
                              C:/ST/STM32CubeIDE_1.14.0/STM32CubeIDE/plugins/com.st.stm32cube.ide.mcu.externaltools.gnu-tools-for-stm32.11.3.rel1.win32_1.1.100.202309141235/tools/bin/../lib/gcc/arm-none-eabi/11.3.1/../../../../arm-none-eabi/lib/thumb/v6-m/nofp\libc_nano.a(libc_a-closer.o) (errno)
C:/ST/STM32CubeIDE_1.14.0/STM32CubeIDE/plugins/com.st.stm32cube.ide.mcu.externaltools.gnu-tools-for-stm32.11.3.rel1.win32_1.1.100.202309141235/tools/bin/../lib/gcc/arm-none-eabi/11.3.1/../../../../arm-none-eabi/lib/thumb/v6-m/nofp\libc_nano.a(libc_a-impure.o)
                              C:/ST/STM32CubeIDE_1.14.0/STM32CubeIDE/plugins/com.st.stm32cube.ide.mcu.externaltools.gnu-tools-for-stm32.11.3.rel1.win32_1.1.100.202309141235/tools/bin/../lib/gcc/arm-none-eabi/11.3.1/../../../../arm-none-eabi/lib/thumb/v6-m/nofp\libc_nano.a(libc_a-rand.o) (_impure_ptr)
[...]
Memory Configuration

Name             Origin             Length             Attributes
RAM              0x0000000020000000 0x0000000000002000 xrw
FLASH            0x0000000008000000 0x0000000000010000 xr
*default*        0x0000000000000000 0xffffffffffffffff

Linker script and memory map

LOAD C:/ST/STM32CubeIDE_1.14.0/STM32CubeIDE/plugins/com.st.stm32cube.ide.mcu.externaltools.gnu-tools-for-stm32.11.3.rel1.win32_1.1.100.202309141235/tools/bin/../lib/gcc/arm-none-eabi/11.3.1/thumb/v6-m/nofp/crti.o
LOAD C:/ST/STM32CubeIDE_1.14.0/STM32CubeIDE/plugins/com.st.stm32cube.ide.mcu.externaltools.gnu-tools-for-stm32.11.3.rel1.win32_1.1.100.202309141235/tools/bin/../lib/gcc/arm-none-eabi/11.3.1/thumb/v6-m/nofp/crtbegin.o
LOAD C:/ST/STM32CubeIDE_1.14.0/STM32CubeIDE/plugins/com.st.stm32cube.ide.mcu.externaltools.gnu-tools-for-stm32.11.3.rel1.win32_1.1.100.202309141235/tools/bin/../lib/gcc/arm-none-eabi/11.3.1/../../../../arm-none-eabi/lib/thumb/v6-m/nofp/crt0.o
LOAD ./Core/Src/main.o
LOAD ./Core/Src/sct.o
LOAD ./Core/Src/stm32f0xx_hal_msp.o
LOAD ./Core/Src/stm32f0xx_it.o
LOAD ./Core/Src/syscalls.o
LOAD ./Core/Src/sysmem.o
LOAD ./Core/Src/system_stm32f0xx.o
LOAD ./Core/Startup/startup_stm32f030r8tx.o
LOAD ./Drivers/STM32F0xx_HAL_Driver/Src/stm32f0xx_hal.o
LOAD ./Drivers/STM32F0xx_HAL_Driver/Src/stm32f0xx_hal_cortex.o
LOAD ./Drivers/STM32F0xx_HAL_Driver/Src/stm32f0xx_hal_dma.o
LOAD ./Drivers/STM32F0xx_HAL_Driver/Src/stm32f0xx_hal_exti.o
LOAD ./Drivers/STM32F0xx_HAL_Driver/Src/stm32f0xx_hal_flash.o
LOAD ./Drivers/STM32F0xx_HAL_Driver/Src/stm32f0xx_hal_flash_ex.o
LOAD ./Drivers/STM32F0xx_HAL_Driver/Src/stm32f0xx_hal_gpio.o
LOAD ./Drivers/STM32F0xx_HAL_Driver/Src/stm32f0xx_hal_i2c.o
LOAD ./Drivers/STM32F0xx_HAL_Driver/Src/stm32f0xx_hal_i2c_ex.o
LOAD ./Drivers/STM32F0xx_HAL_Driver/Src/stm32f0xx_hal_pwr.o
LOAD ./Drivers/STM32F0xx_HAL_Driver/Src/stm32f0xx_hal_pwr_ex.o
LOAD ./Drivers/STM32F0xx_HAL_Driver/Src/stm32f0xx_hal_rcc.o
LOAD ./Drivers/STM32F0xx_HAL_Driver/Src/stm32f0xx_hal_rcc_ex.o
LOAD ./Drivers/STM32F0xx_HAL_Driver/Src/stm32f0xx_hal_tim.o
LOAD ./Drivers/STM32F0xx_HAL_Driver/Src/stm32f0xx_hal_tim_ex.o
LOAD ./Drivers/STM32F0xx_HAL_Driver/Src/stm32f0xx_hal_uart.o
LOAD ./Drivers/STM32F0xx_HAL_Driver/Src/stm32f0xx_hal_uart_ex.o
START GROUP
LOAD C:/ST/STM32CubeIDE_1.14.0/STM32CubeIDE/plugins/com.st.stm32cube.ide.mcu.externaltools.gnu-tools-for-stm32.11.3.rel1.win32_1.1.100.202309141235/tools/bin/../lib/gcc/arm-none-eabi/11.3.1/../../../../arm-none-eabi/lib/thumb/v6-m/nofp\libc_nano.a
LOAD C:/ST/STM32CubeIDE_1.14.0/STM32CubeIDE/plugins/com.st.stm32cube.ide.mcu.externaltools.gnu-tools-for-stm32.11.3.rel1.win32_1.1.100.202309141235/tools/bin/../lib/gcc/arm-none-eabi/11.3.1/../../../../arm-none-eabi/lib/thumb/v6-m/nofp\libm.a
END GROUP
START GROUP
LOAD C:/ST/STM32CubeIDE_1.14.0/STM32CubeIDE/plugins/com.st.stm32cube.ide.mcu.externaltools.gnu-tools-for-stm32.11.3.rel1.win32_1.1.100.202309141235/tools/bin/../lib/gcc/arm-none-eabi/11.3.1/thumb/v6-m/nofp\libgcc.a
LOAD C:/ST/STM32CubeIDE_1.14.0/STM32CubeIDE/plugins/com.st.stm32cube.ide.mcu.externaltools.gnu-tools-for-stm32.11.3.rel1.win32_1.1.100.202309141235/tools/bin/../lib/gcc/arm-none-eabi/11.3.1/../../../../arm-none-eabi/lib/thumb/v6-m/nofp\libc_nano.a
END GROUP
START GROUP
LOAD C:/ST/STM32CubeIDE_1.14.0/STM32CubeIDE/plugins/com.st.stm32cube.ide.mcu.externaltools.gnu-tools-for-stm32.11.3.rel1.win32_1.1.100.202309141235/tools/bin/../lib/gcc/arm-none-eabi/11.3.1/thumb/v6-m/nofp\libgcc.a
LOAD C:/ST/STM32CubeIDE_1.14.0/STM32CubeIDE/plugins/com.st.stm32cube.ide.mcu.externaltools.gnu-tools-for-stm32.11.3.rel1.win32_1.1.100.202309141235/tools/bin/../lib/gcc/arm-none-eabi/11.3.1/../../../../arm-none-eabi/lib/thumb/v6-m/nofp\libc_nano.a
LOAD C:/ST/STM32CubeIDE_1.14.0/STM32CubeIDE/plugins/com.st.stm32cube.ide.mcu.externaltools.gnu-tools-for-stm32.11.3.rel1.win32_1.1.100.202309141235/tools/bin/../lib/gcc/arm-none-eabi/11.3.1/../../../../arm-none-eabi/lib/thumb/v6-m/nofp\libnosys.a
END GROUP
START GROUP
LOAD C:/ST/STM32CubeIDE_1.14.0/STM32CubeIDE/plugins/com.st.stm32cube.ide.mcu.externaltools.gnu-tools-for-stm32.11.3.rel1.win32_1.1.100.202309141235/tools/bin/../lib/gcc/arm-none-eabi/11.3.1/thumb/v6-m/nofp\libgcc.a
LOAD C:/ST/STM32CubeIDE_1.14.0/STM32CubeIDE/plugins/com.st.stm32cube.ide.mcu.externaltools.gnu-tools-for-stm32.11.3.rel1.win32_1.1.100.202309141235/tools/bin/../lib/gcc/arm-none-eabi/11.3.1/../../../../arm-none-eabi/lib/thumb/v6-m/nofp\libc_nano.a
LOAD C:/ST/STM32CubeIDE_1.14.0/STM32CubeIDE/plugins/com.st.stm32cube.ide.mcu.externaltools.gnu-tools-for-stm32.11.3.rel1.win32_1.1.100.202309141235/tools/bin/../lib/gcc/arm-none-eabi/11.3.1/../../../../arm-none-eabi/lib/thumb/v6-m/nofp\libnosys.a
END GROUP
LOAD C:/ST/STM32CubeIDE_1.14.0/STM32CubeIDE/plugins/com.st.stm32cube.ide.mcu.externaltools.gnu-tools-for-stm32.11.3.rel1.win32_1.1.100.202309141235/tools/bin/../lib/gcc/arm-none-eabi/11.3.1/thumb/v6-m/nofp/crtend.o
LOAD C:/ST/STM32CubeIDE_1.14.0/STM32CubeIDE/plugins/com.st.stm32cube.ide.mcu.externaltools.gnu-tools-for-stm32.11.3.rel1.win32_1.1.100.202309141235/tools/bin/../lib/gcc/arm-none-eabi/11.3.1/thumb/v6-m/nofp/crtn.o
                0x0000000020002000                _estack = (ORIGIN (RAM) + LENGTH (RAM))
                0x0000000000000200                _Min_Heap_Size = 0x200
                0x0000000000000400                _Min_Stack_Size = 0x400

.isr_vector     0x0000000008000000       0xc0
                0x0000000008000000                . = ALIGN (0x4)
 *(.isr_vector)
 .isr_vector    0x0000000008000000       0xc0 ./Core/Startup/startup_stm32f030r8tx.o
                0x0000000008000000                g_pfnVectors
                0x00000000080000c0                . = ALIGN (0x4)

.text           0x00000000080000c0     0x2ff8
                0x00000000080000c0                . = ALIGN (0x4)
 *(.text)
 .text          0x00000000080000c0       0x48 C:/ST/STM32CubeIDE_1.14.0/STM32CubeIDE/plugins/com.st.stm32cube.ide.mcu.externaltools.gnu-tools-for-stm32.11.3.rel1.win32_1.1.100.202309141235/tools/bin/../lib/gcc/arm-none-eabi/11.3.1/thumb/v6-m/nofp/crtbegin.o
 .text          0x0000000008000108       0x14 C:/ST/STM32CubeIDE_1.14.0/STM32CubeIDE/plugins/com.st.stm32cube.ide.mcu.externaltools.gnu-tools-for-stm32.11.3.rel1.win32_1.1.100.202309141235/tools/bin/../lib/gcc/arm-none-eabi/11.3.1/thumb/v6-m/nofp\libgcc.a(_thumb1_case_shi.o)
                0x0000000008000108                __gnu_thumb1_case_shi
 .text          0x000000000800011c      0x114 C:/ST/STM32CubeIDE_1.14.0/STM32CubeIDE/plugins/com.st.stm32cube.ide.mcu.externaltools.gnu-tools-for-stm32.11.3.rel1.win32_1.1.100.202309141235/tools/bin/../lib/gcc/arm-none-eabi/11.3.1/thumb/v6-m/nofp\libgcc.a(_udivsi3.o)
                0x000000000800011c                __aeabi_uidiv
                0x000000000800011c                __udivsi3
                0x0000000008000228                __aeabi_uidivmod
 .text          0x0000000008000230      0x1d4 C:/ST/STM32CubeIDE_1.14.0/STM32CubeIDE/plugins/com.st.stm32cube.ide.mcu.externaltools.gnu-tools-for-stm32.11.3.rel1.win32_1.1.100.202309141235/tools/bin/../lib/gcc/arm-none-eabi/11.3.1/thumb/v6-m/nofp\libgcc.a(_divsi3.o)
                0x0000000008000230                __divsi3
                0x0000000008000230                __aeabi_idiv
                0x00000000080003fc                __aeabi_idivmod
 .text          0x0000000008000404        0x4 C:/ST/STM32CubeIDE_1.14.0/STM32CubeIDE/plugins/com.st.stm32cube.ide.mcu.externaltools.gnu-tools-for-stm32.11.3.rel1.win32_1.1.100.202309141235/tools/bin/../lib/gcc/arm-none-eabi/11.3.1/thumb/v6-m/nofp\libgcc.a(_dvmd_tls.o)
                0x0000000008000404                __aeabi_idiv0
                0x0000000008000404                __aeabi_ldiv0
 .text          0x0000000008000408       0x5c C:/ST/STM32CubeIDE_1.14.0/STM32CubeIDE/plugins/com.st.stm32cube.ide.mcu.externaltools.gnu-tools-for-stm32.11.3.rel1.win32_1.1.100.202309141235/tools/bin/../lib/gcc/arm-none-eabi/11.3.1/thumb/v6-m/nofp\libgcc.a(_muldi3.o)
                0x0000000008000408                __muldi3
                0x0000000008000408                __aeabi_lmul
 *(.text*)
 .text.main     0x0000000008000464       0xb0 ./Core/Src/main.o
                0x0000000008000464                main
 .text.SystemClock_Config
                0x0000000008000514       0x94 ./Core/Src/main.o
                0x0000000008000514                SystemClock_Config
 .text.MX_USART2_UART_Init
                0x00000000080005a8       0x60 ./Core/Src/main.o
 .text.MX_GPIO_Init
                0x0000000008000608      0x144 ./Core/Src/main.o
 .text.Error_Handler
                0x000000000800074c        0xa ./Core/Src/main.o
                0x000000000800074c                Error_Handler
 .text.sct_init
                0x0000000008000756       0x10 ./Core/Src/sct.o
                0x0000000008000756                sct_init
 *fill*         0x0000000008000766        0x2 
 .text.sct_led  0x0000000008000768       0x90 ./Core/Src/sct.o
                0x0000000008000768                sct_led
 .text.sct_value
                0x00000000080007f8       0x34 ./Core/Src/sct.o
                0x00000000080007f8                sct_value
 .text.HAL_MspInit
                0x000000000800082c       0x48 ./Core/Src/stm32f0xx_hal_msp.o
                0x000000000800082c                HAL_MspInit
 .text.HAL_UART_MspInit
                0x0000000008000874       0x98 ./Core/Src/stm32f0xx_hal_msp.o
                0x0000000008000874                HAL_UART_MspInit
 .text.NMI_Handler
                0x000000000800090c        0x6 ./Core/Src/stm32f0xx_it.o
                0x000000000800090c                NMI_Handler
 .text.HardFault_Handler
                0x0000000008000912        0x6 ./Core/Src/stm32f0xx_it.o
                0x0000000008000912                HardFault_Handler
 .text.SVC_Handler
                0x0000000008000918        0xa ./Core/Src/stm32f0xx_it.o
                0x0000000008000918                SVC_Handler
 .text.PendSV_Handler
                0x0000000008000922        0xa ./Core/Src/stm32f0xx_it.o
                0x0000000008000922                PendSV_Handler
 .text.SysTick_Handler
                0x000000000800092c        0xe ./Core/Src/stm32f0xx_it.o
                0x000000000800092c                SysTick_Handler
 .text._getpid  0x000000000800093a        0xc ./Core/Src/syscalls.o
                0x000000000800093a                _getpid
 .text._kill    0x0000000008000946       0x20 ./Core/Src/syscalls.o
                0x0000000008000946                _kill
 .text._exit    0x0000000008000966       0x18 ./Core/Src/syscalls.o
                0x0000000008000966                _exit
 .text._read    0x000000000800097e       0x3a ./Core/Src/syscalls.o
                0x000000000800097e                _read
 .text._write   0x00000000080009b8       0x38 ./Core/Src/syscalls.o
                0x00000000080009b8                _write
 .text._close   0x00000000080009f0       0x14 ./Core/Src/syscalls.o
                0x00000000080009f0                _close
 .text._fstat   0x0000000008000a04       0x1c ./Core/Src/syscalls.o
                0x0000000008000a04                _fstat
 .text._isatty  0x0000000008000a20       0x12 ./Core/Src/syscalls.o
                0x0000000008000a20                _isatty
 .text._lseek   0x0000000008000a32       0x16 ./Core/Src/syscalls.o
                0x0000000008000a32                _lseek
 .text._sbrk    0x0000000008000a48       0x6c ./Core/Src/sysmem.o
                0x0000000008000a48                _sbrk
 .text.SystemInit
                0x0000000008000ab4        0xa ./Core/Src/system_stm32f0xx.o
                0x0000000008000ab4                SystemInit
 *fill*         0x0000000008000abe        0x2 
 .text.Reset_Handler
                0x0000000008000ac0       0x50 ./Core/Startup/startup_stm32f030r8tx.o
                0x0000000008000ac0                Reset_Handler
 .text.Default_Handler
                0x0000000008000b10        0x2 ./Core/Startup/startup_stm32f030r8tx.o
                0x0000000008000b10                TIM1_CC_IRQHandler
                0x0000000008000b10                TIM6_IRQHandler
                0x0000000008000b10                I2C1_IRQHandler
                0x0000000008000b10                SPI1_IRQHandler
                0x0000000008000b10                EXTI2_3_IRQHandler
                0x0000000008000b10                ADC1_IRQHandler
                0x0000000008000b10                I2C2_IRQHandler
                0x0000000008000b10                TIM17_IRQHandler
                0x0000000008000b10                RTC_IRQHandler
                0x0000000008000b10                TIM16_IRQHandler
                0x0000000008000b10                TIM3_IRQHandler
                0x0000000008000b10                EXTI4_15_IRQHandler
                0x0000000008000b10                RCC_IRQHandler
                0x0000000008000b10                DMA1_Channel1_IRQHandler
                0x0000000008000b10                Default_Handler
                0x0000000008000b10                TIM14_IRQHandler
                0x0000000008000b10                DMA1_Channel4_5_IRQHandler
                0x0000000008000b10                TIM15_IRQHandler
                0x0000000008000b10                EXTI0_1_IRQHandler
                0x0000000008000b10                SPI2_IRQHandler
                0x0000000008000b10                WWDG_IRQHandler
                0x0000000008000b10                DMA1_Channel2_3_IRQHandler
                0x0000000008000b10                USART2_IRQHandler
                0x0000000008000b10                FLASH_IRQHandler
                0x0000000008000b10                USART1_IRQHandler
                0x0000000008000b10                TIM1_BRK_UP_TRG_COM_IRQHandler
 *fill*         0x0000000008000b12        0x2 
 .text.HAL_Init
                0x0000000008000b14       0x28 ./Drivers/STM32F0xx_HAL_Driver/Src/stm32f0xx_hal.o
                0x0000000008000b14                HAL_Init
 .text.HAL_InitTick
                0x0000000008000b3c       0x68 ./Drivers/STM32F0xx_HAL_Driver/Src/stm32f0xx_hal.o
                0x0000000008000b3c                HAL_InitTick
 .text.HAL_IncTick
                0x0000000008000ba4       0x24 ./Drivers/STM32F0xx_HAL_Driver/Src/stm32f0xx_hal.o
                0x0000000008000ba4                HAL_IncTick
 .text.HAL_GetTick
                0x0000000008000bc8       0x14 ./Drivers/STM32F0xx_HAL_Driver/Src/stm32f0xx_hal.o
                0x0000000008000bc8                HAL_GetTick
 .text.HAL_Delay
                0x0000000008000bdc       0x48 ./Drivers/STM32F0xx_HAL_Driver/Src/stm32f0xx_hal.o
                0x0000000008000bdc                HAL_Delay
 .text.__NVIC_SetPriority
                0x0000000008000c24       0xdc ./Drivers/STM32F0xx_HAL_Driver/Src/stm32f0xx_hal_cortex.o
 .text.SysTick_Config
                0x0000000008000d00       0x48 ./Drivers/STM32F0xx_HAL_Driver/Src/stm32f0xx_hal_cortex.o
 .text.HAL_NVIC_SetPriority
                0x0000000008000d48       0x2a ./Drivers/STM32F0xx_HAL_Driver/Src/stm32f0xx_hal_cortex.o
                0x0000000008000d48                HAL_NVIC_SetPriority
 .text.HAL_SYSTICK_Config
                0x0000000008000d72       0x1a ./Drivers/STM32F0xx_HAL_Driver/Src/stm32f0xx_hal_cortex.o
                0x0000000008000d72                HAL_SYSTICK_Config
 .text.HAL_GPIO_Init
                0x0000000008000d8c      0x2e0 ./Drivers/STM32F0xx_HAL_Driver/Src/stm32f0xx_hal_gpio.o
                0x0000000008000d8c                HAL_GPIO_Init
 .text.HAL_GPIO_ReadPin
                0x000000000800106c       0x3a ./Drivers/STM32F0xx_HAL_Driver/Src/stm32f0xx_hal_gpio.o
                0x000000000800106c                HAL_GPIO_ReadPin
 .text.HAL_GPIO_WritePin
                0x00000000080010a6       0x3a ./Drivers/STM32F0xx_HAL_Driver/Src/stm32f0xx_hal_gpio.o
                0x00000000080010a6                HAL_GPIO_WritePin
 .text.HAL_RCC_OscConfig
                0x00000000080010e0      0x634 ./Drivers/STM32F0xx_HAL_Driver/Src/stm32f0xx_hal_rcc.o
                0x00000000080010e0                HAL_RCC_OscConfig
 .text.HAL_RCC_ClockConfig
                0x0000000008001714      0x19c ./Drivers/STM32F0xx_HAL_Driver/Src/stm32f0xx_hal_rcc.o
                0x0000000008001714                HAL_RCC_ClockConfig
 .text.HAL_RCC_GetSysClockFreq
                0x00000000080018b0       0xc8 ./Drivers/STM32F0xx_HAL_Driver/Src/stm32f0xx_hal_rcc.o
                0x00000000080018b0                HAL_RCC_GetSysClockFreq
 .text.HAL_RCC_GetHCLKFreq
                0x0000000008001978       0x14 ./Drivers/STM32F0xx_HAL_Driver/Src/stm32f0xx_hal_rcc.o
                0x0000000008001978                HAL_RCC_GetHCLKFreq
 .text.HAL_RCC_GetPCLK1Freq
                0x000000000800198c       0x2c ./Drivers/STM32F0xx_HAL_Driver/Src/stm32f0xx_hal_rcc.o
                0x000000000800198c                HAL_RCC_GetPCLK1Freq
 .text.HAL_UART_Init
                0x00000000080019b8       0xa8 ./Drivers/STM32F0xx_HAL_Driver/Src/stm32f0xx_hal_uart.o
                0x00000000080019b8                HAL_UART_Init
 .text.UART_SetConfig
                0x0000000008001a60      0x280 ./Drivers/STM32F0xx_HAL_Driver/Src/stm32f0xx_hal_uart.o
                0x0000000008001a60                UART_SetConfig
 .text.UART_AdvFeatureConfig
                0x0000000008001ce0      0x168 ./Drivers/STM32F0xx_HAL_Driver/Src/stm32f0xx_hal_uart.o
                0x0000000008001ce0                UART_AdvFeatureConfig
 .text.UART_CheckIdleState
                0x0000000008001e48       0x90 ./Drivers/STM32F0xx_HAL_Driver/Src/stm32f0xx_hal_uart.o
                0x0000000008001e48                UART_CheckIdleState
 .text.UART_WaitOnFlagUntilTimeout
                0x0000000008001ed8      0x188 ./Drivers/STM32F0xx_HAL_Driver/Src/stm32f0xx_hal_uart.o
                0x0000000008001ed8                UART_WaitOnFlagUntilTimeout
 .text.rand     0x0000000008002060       0x7c C:/ST/STM32CubeIDE_1.14.0/STM32CubeIDE/plugins/com.st.stm32cube.ide.mcu.externaltools.gnu-tools-for-stm32.11.3.rel1.win32_1.1.100.202309141235/tools/bin/../lib/gcc/arm-none-eabi/11.3.1/../../../../arm-none-eabi/lib/thumb/v6-m/nofp\libc_nano.a(libc_a-rand.o)
                0x0000000008002060                rand
 .text.std      0x00000000080020dc       0x6c C:/ST/STM32CubeIDE_1.14.0/STM32CubeIDE/plugins/com.st.stm32cube.ide.mcu.externaltools.gnu-tools-for-stm32.11.3.rel1.win32_1.1.100.202309141235/tools/bin/../lib/gcc/arm-none-eabi/11.3.1/../../../../arm-none-eabi/lib/thumb/v6-m/nofp\libc_nano.a(libc_a-findfp.o)
 .text.stdio_exit_handler
                0x0000000008002148       0x1c C:/ST/STM32CubeIDE_1.14.0/STM32CubeIDE/plugins/com.st.stm32cube.ide.mcu.externaltools.gnu-tools-for-stm32.11.3.rel1.win32_1.1.100.202309141235/tools/bin/../lib/gcc/arm-none-eabi/11.3.1/../../../../arm-none-eabi/lib/thumb/v6-m/nofp\libc_nano.a(libc_a-findfp.o)
 .text.cleanup_stdio
                0x0000000008002164       0x3c C:/ST/STM32CubeIDE_1.14.0/STM32CubeIDE/plugins/com.st.stm32cube.ide.mcu.externaltools.gnu-tools-for-stm32.11.3.rel1.win32_1.1.100.202309141235/tools/bin/../lib/gcc/arm-none-eabi/11.3.1/../../../../arm-none-eabi/lib/thumb/v6-m/nofp\libc_nano.a(libc_a-findfp.o)
 .text.global_stdio_init.part.0
                0x00000000080021a0       0x3c C:/ST/STM32CubeIDE_1.14.0/STM32CubeIDE/plugins/com.st.stm32cube.ide.mcu.externaltools.gnu-tools-for-stm32.11.3.rel1.win32_1.1.100.202309141235/tools/bin/../lib/gcc/arm-none-eabi/11.3.1/../../../../arm-none-eabi/lib/thumb/v6-m/nofp\libc_nano.a(libc_a-findfp.o)
 .text.__sfp_lock_acquire
                0x00000000080021dc       0x10 C:/ST/STM32CubeIDE_1.14.0/STM32CubeIDE/plugins/com.st.stm32cube.ide.mcu.externaltools.gnu-tools-for-stm32.11.3.rel1.win32_1.1.100.202309141235/tools/bin/../lib/gcc/arm-none-eabi/11.3.1/../../../../arm-none-eabi/lib/thumb/v6-m/nofp\libc_nano.a(libc_a-findfp.o)
                0x00000000080021dc                __sfp_lock_acquire
 .text.__sfp_lock_release
                0x00000000080021ec       0x10 C:/ST/STM32CubeIDE_1.14.0/STM32CubeIDE/plugins/com.st.stm32cube.ide.mcu.externaltools.gnu-tools-for-stm32.11.3.rel1.win32_1.1.100.202309141235/tools/bin/../lib/gcc/arm-none-eabi/11.3.1/../../../../arm-none-eabi/lib/thumb/v6-m/nofp\libc_nano.a(libc_a-findfp.o)
                0x00000000080021ec                __sfp_lock_release
 .text.__sinit  0x00000000080021fc       0x30 C:/ST/STM32CubeIDE_1.14.0/STM32CubeIDE/plugins/com.st.stm32cube.ide.mcu.externaltools.gnu-tools-for-stm32.11.3.rel1.win32_1.1.100.202309141235/tools/bin/../lib/gcc/arm-none-eabi/11.3.1/../../../../arm-none-eabi/lib/thumb/v6-m/nofp\libc_nano.a(libc_a-findfp.o)
                0x00000000080021fc                __sinit
 .text._fwalk_sglue
                0x000000000800222c       0x38 C:/ST/STM32CubeIDE_1.14.0/STM32CubeIDE/plugins/com.st.stm32cube.ide.mcu.externaltools.gnu-tools-for-stm32.11.3.rel1.win32_1.1.100.202309141235/tools/bin/../lib/gcc/arm-none-eabi/11.3.1/../../../../arm-none-eabi/lib/thumb/v6-m/nofp\libc_nano.a(libc_a-fwalk.o)
                0x000000000800222c                _fwalk_sglue
 .text.__sread  0x0000000008002264       0x28 C:/ST/STM32CubeIDE_1.14.0/STM32CubeIDE/plugins/com.st.stm32cube.ide.mcu.externaltools.gnu-tools-for-stm32.11.3.rel1.win32_1.1.100.202309141235/tools/bin/../lib/gcc/arm-none-eabi/11.3.1/../../../../arm-none-eabi/lib/thumb/v6-m/nofp\libc_nano.a(libc_a-stdio.o)
                0x0000000008002264                __sread
 .text.__swrite
                0x000000000800228c       0x38 C:/ST/STM32CubeIDE_1.14.0/STM32CubeIDE/plugins/com.st.stm32cube.ide.mcu.externaltools.gnu-tools-for-stm32.11.3.rel1.win32_1.1.100.202309141235/tools/bin/../lib/gcc/arm-none-eabi/11.3.1/../../../../arm-none-eabi/lib/thumb/v6-m/nofp\libc_nano.a(libc_a-stdio.o)
                0x000000000800228c                __swrite
 .text.__sseek  0x00000000080022c4       0x2c C:/ST/STM32CubeIDE_1.14.0/STM32CubeIDE/plugins/com.st.stm32cube.ide.mcu.externaltools.gnu-tools-for-stm32.11.3.rel1.win32_1.1.100.202309141235/tools/bin/../lib/gcc/arm-none-eabi/11.3.1/../../../../arm-none-eabi/lib/thumb/v6-m/nofp\libc_nano.a(libc_a-stdio.o)
                0x00000000080022c4                __sseek
 .text.__sclose
                0x00000000080022f0        0xc C:/ST/STM32CubeIDE_1.14.0/STM32CubeIDE/plugins/com.st.stm32cube.ide.mcu.externaltools.gnu-tools-for-stm32.11.3.rel1.win32_1.1.100.202309141235/tools/bin/../lib/gcc/arm-none-eabi/11.3.1/../../../../arm-none-eabi/lib/thumb/v6-m/nofp\libc_nano.a(libc_a-stdio.o)
                0x00000000080022f0                __sclose
 .text.memset   0x00000000080022fc       0x10 C:/ST/STM32CubeIDE_1.14.0/STM32CubeIDE/plugins/com.st.stm32cube.ide.mcu.externaltools.gnu-tools-for-stm32.11.3.rel1.win32_1.1.100.202309141235/tools/bin/../lib/gcc/arm-none-eabi/11.3.1/../../../../arm-none-eabi/lib/thumb/v6-m/nofp\libc_nano.a(libc_a-memset.o)
                0x00000000080022fc                memset
 .text._close_r
                0x000000000800230c       0x24 C:/ST/STM32CubeIDE_1.14.0/STM32CubeIDE/plugins/com.st.stm32cube.ide.mcu.externaltools.gnu-tools-for-stm32.11.3.rel1.win32_1.1.100.202309141235/tools/bin/../lib/gcc/arm-none-eabi/11.3.1/../../../../arm-none-eabi/lib/thumb/v6-m/nofp\libc_nano.a(libc_a-closer.o)
                0x000000000800230c                _close_r
 .text._lseek_r
                0x0000000008002330       0x28 C:/ST/STM32CubeIDE_1.14.0/STM32CubeIDE/plugins/com.st.stm32cube.ide.mcu.externaltools.gnu-tools-for-stm32.11.3.rel1.win32_1.1.100.202309141235/tools/bin/../lib/gcc/arm-none-eabi/11.3.1/../../../../arm-none-eabi/lib/thumb/v6-m/nofp\libc_nano.a(libc_a-lseekr.o)
                0x0000000008002330                _lseek_r
 .text._read_r  0x0000000008002358       0x28 C:/ST/STM32CubeIDE_1.14.0/STM32CubeIDE/plugins/com.st.stm32cube.ide.mcu.externaltools.gnu-tools-for-stm32.11.3.rel1.win32_1.1.100.202309141235/tools/bin/../lib/gcc/arm-none-eabi/11.3.1/../../../../arm-none-eabi/lib/thumb/v6-m/nofp\libc_nano.a(libc_a-readr.o)
                0x0000000008002358                _read_r
 .text._write_r
                0x0000000008002380       0x28 C:/ST/STM32CubeIDE_1.14.0/STM32CubeIDE/plugins/com.st.stm32cube.ide.mcu.externaltools.gnu-tools-for-stm32.11.3.rel1.win32_1.1.100.202309141235/tools/bin/../lib/gcc/arm-none-eabi/11.3.1/../../../../arm-none-eabi/lib/thumb/v6-m/nofp\libc_nano.a(libc_a-writer.o)
                0x0000000008002380                _write_r
 .text.__errno  0x00000000080023a8        0xc C:/ST/STM32CubeIDE_1.14.0/STM32CubeIDE/plugins/com.st.stm32cube.ide.mcu.externaltools.gnu-tools-for-stm32.11.3.rel1.win32_1.1.100.202309141235/tools/bin/../lib/gcc/arm-none-eabi/11.3.1/../../../../arm-none-eabi/lib/thumb/v6-m/nofp\libc_nano.a(libc_a-errno.o)
                0x00000000080023a8                __errno
 .text.__libc_init_array
                0x00000000080023b4       0x48 C:/ST/STM32CubeIDE_1.14.0/STM32CubeIDE/plugins/com.st.stm32cube.ide.mcu.externaltools.gnu-tools-for-stm32.11.3.rel1.win32_1.1.100.202309141235/tools/bin/../lib/gcc/arm-none-eabi/11.3.1/../../../../arm-none-eabi/lib/thumb/v6-m/nofp\libc_nano.a(libc_a-init.o)
                0x00000000080023b4                __libc_init_array
 .text.__retarget_lock_init_recursive
                0x00000000080023fc        0x2 C:/ST/STM32CubeIDE_1.14.0/STM32CubeIDE/plugins/com.st.stm32cube.ide.mcu.externaltools.gnu-tools-for-stm32.11.3.rel1.win32_1.1.100.202309141235/tools/bin/../lib/gcc/arm-none-eabi/11.3.1/../../../../arm-none-eabi/lib/thumb/v6-m/nofp\libc_nano.a(libc_a-lock.o)
                0x00000000080023fc                __retarget_lock_init_recursive
 .text.__retarget_lock_acquire_recursive
                0x00000000080023fe        0x2 C:/ST/STM32CubeIDE_1.14.0/STM32CubeIDE/plugins/com.st.stm32cube.ide.mcu.externaltools.gnu-tools-for-stm32.11.3.rel1.win32_1.1.100.202309141235/tools/bin/../lib/gcc/arm-none-eabi/11.3.1/../../../../arm-none-eabi/lib/thumb/v6-m/nofp\libc_nano.a(libc_a-lock.o)
                0x00000000080023fe                __retarget_lock_acquire_recursive
 .text.__retarget_lock_release_recursive
                0x0000000008002400        0x2 C:/ST/STM32CubeIDE_1.14.0/STM32CubeIDE/plugins/com.st.stm32cube.ide.mcu.externaltools.gnu-tools-for-stm32.11.3.rel1.win32_1.1.100.202309141235/tools/bin/../lib/gcc/arm-none-eabi/11.3.1/../../../../arm-none-eabi/lib/thumb/v6-m/nofp\libc_nano.a(libc_a-lock.o)
                0x0000000008002400                __retarget_lock_release_recursive
 *fill*         0x0000000008002402        0x2 
 .text.__assert_func
                0x0000000008002404       0x3c C:/ST/STM32CubeIDE_1.14.0/STM32CubeIDE/plugins/com.st.stm32cube.ide.mcu.externaltools.gnu-tools-for-stm32.11.3.rel1.win32_1.1.100.202309141235/tools/bin/../lib/gcc/arm-none-eabi/11.3.1/../../../../arm-none-eabi/lib/thumb/v6-m/nofp\libc_nano.a(libc_a-assert.o)
                0x0000000008002404                __assert_func
 .text._free_r  0x0000000008002440       0x94 C:/ST/STM32CubeIDE_1.14.0/STM32CubeIDE/plugins/com.st.stm32cube.ide.mcu.externaltools.gnu-tools-for-stm32.11.3.rel1.win32_1.1.100.202309141235/tools/bin/../lib/gcc/arm-none-eabi/11.3.1/../../../../arm-none-eabi/lib/thumb/v6-m/nofp\libc_nano.a(libc_a-freer.o)
                0x0000000008002440                _free_r
 .text.malloc   0x00000000080024d4       0x14 C:/ST/STM32CubeIDE_1.14.0/STM32CubeIDE/plugins/com.st.stm32cube.ide.mcu.externaltools.gnu-tools-for-stm32.11.3.rel1.win32_1.1.100.202309141235/tools/bin/../lib/gcc/arm-none-eabi/11.3.1/../../../../arm-none-eabi/lib/thumb/v6-m/nofp\libc_nano.a(libc_a-malloc.o)
                0x00000000080024d4                malloc
 .text.sbrk_aligned
                0x00000000080024e8       0x44 C:/ST/STM32CubeIDE_1.14.0/STM32CubeIDE/plugins/com.st.stm32cube.ide.mcu.externaltools.gnu-tools-for-stm32.11.3.rel1.win32_1.1.100.202309141235/tools/bin/../lib/gcc/arm-none-eabi/11.3.1/../../../../arm-none-eabi/lib/thumb/v6-m/nofp\libc_nano.a(libc_a-mallocr.o)
 .text._malloc_r
                0x000000000800252c      0x104 C:/ST/STM32CubeIDE_1.14.0/STM32CubeIDE/plugins/com.st.stm32cube.ide.mcu.externaltools.gnu-tools-for-stm32.11.3.rel1.win32_1.1.100.202309141235/tools/bin/../lib/gcc/arm-none-eabi/11.3.1/../../../../arm-none-eabi/lib/thumb/v6-m/nofp\libc_nano.a(libc_a-mallocr.o)
                0x000000000800252c                _malloc_r
 .text.__malloc_lock
                0x0000000008002630       0x10 C:/ST/STM32CubeIDE_1.14.0/STM32CubeIDE/plugins/com.st.stm32cube.ide.mcu.externaltools.gnu-tools-for-stm32.11.3.rel1.win32_1.1.100.202309141235/tools/bin/../lib/gcc/arm-none-eabi/11.3.1/../../../../arm-none-eabi/lib/thumb/v6-m/nofp\libc_nano.a(libc_a-mlock.o)
                0x0000000008002630                __malloc_lock
 .text.__malloc_unlock
                0x0000000008002640       0x10 C:/ST/STM32CubeIDE_1.14.0/STM32CubeIDE/plugins/com.st.stm32cube.ide.mcu.externaltools.gnu-tools-for-stm32.11.3.rel1.win32_1.1.100.202309141235/tools/bin/../lib/gcc/arm-none-eabi/11.3.1/../../../../arm-none-eabi/lib/thumb/v6-m/nofp\libc_nano.a(libc_a-mlock.o)
                0x0000000008002640                __malloc_unlock
 .text.__sflush_r
                0x0000000008002650      0x114 C:/ST/STM32CubeIDE_1.14.0/STM32CubeIDE/plugins/com.st.stm32cube.ide.mcu.externaltools.gnu-tools-for-stm32.11.3.rel1.win32_1.1.100.202309141235/tools/bin/../lib/gcc/arm-none-eabi/11.3.1/../../../../arm-none-eabi/lib/thumb/v6-m/nofp\libc_nano.a(libc_a-fflush.o)
                0x0000000008002650                __sflush_r
 .text._fflush_r
                0x0000000008002764       0x56 C:/ST/STM32CubeIDE_1.14.0/STM32CubeIDE/plugins/com.st.stm32cube.ide.mcu.externaltools.gnu-tools-for-stm32.11.3.rel1.win32_1.1.100.202309141235/tools/bin/../lib/gcc/arm-none-eabi/11.3.1/../../../../arm-none-eabi/lib/thumb/v6-m/nofp\libc_nano.a(libc_a-fflush.o)
                0x0000000008002764                _fflush_r
 *fill*         0x00000000080027ba        0x2 
 .text.fprintf  0x00000000080027bc       0x20 C:/ST/STM32CubeIDE_1.14.0/STM32CubeIDE/plugins/com.st.stm32cube.ide.mcu.externaltools.gnu-tools-for-stm32.11.3.rel1.win32_1.1.100.202309141235/tools/bin/../lib/gcc/arm-none-eabi/11.3.1/../../../../arm-none-eabi/lib/thumb/v6-m/nofp\libc_nano.a(libc_a-fprintf.o)
                0x00000000080027bc                fiprintf
                0x00000000080027bc                fprintf
 .text._sbrk_r  0x00000000080027dc       0x24 C:/ST/STM32CubeIDE_1.14.0/STM32CubeIDE/plugins/com.st.stm32cube.ide.mcu.externaltools.gnu-tools-for-stm32.11.3.rel1.win32_1.1.100.202309141235/tools/bin/../lib/gcc/arm-none-eabi/11.3.1/../../../../arm-none-eabi/lib/thumb/v6-m/nofp\libc_nano.a(libc_a-sbrkr.o)
                0x00000000080027dc                _sbrk_r
 .text.abort    0x0000000008002800        0xe C:/ST/STM32CubeIDE_1.14.0/STM32CubeIDE/plugins/com.st.stm32cube.ide.mcu.externaltools.gnu-tools-for-stm32.11.3.rel1.win32_1.1.100.202309141235/tools/bin/../lib/gcc/arm-none-eabi/11.3.1/../../../../arm-none-eabi/lib/thumb/v6-m/nofp\libc_nano.a(libc_a-abort.o)
                0x0000000008002800                abort
 .text.__sfputc_r
                0x000000000800280e       0x2a C:/ST/STM32CubeIDE_1.14.0/STM32CubeIDE/plugins/com.st.stm32cube.ide.mcu.externaltools.gnu-tools-for-stm32.11.3.rel1.win32_1.1.100.202309141235/tools/bin/../lib/gcc/arm-none-eabi/11.3.1/../../../../arm-none-eabi/lib/thumb/v6-m/nofp\libc_nano.a(libc_a-nano-vfprintf.o)
 .text.__sfputs_r
                0x0000000008002838       0x24 C:/ST/STM32CubeIDE_1.14.0/STM32CubeIDE/plugins/com.st.stm32cube.ide.mcu.externaltools.gnu-tools-for-stm32.11.3.rel1.win32_1.1.100.202309141235/tools/bin/../lib/gcc/arm-none-eabi/11.3.1/../../../../arm-none-eabi/lib/thumb/v6-m/nofp\libc_nano.a(libc_a-nano-vfprintf.o)
                0x0000000008002838                __sfputs_r
 .text._vfprintf_r
                0x000000000800285c      0x238 C:/ST/STM32CubeIDE_1.14.0/STM32CubeIDE/plugins/com.st.stm32cube.ide.mcu.externaltools.gnu-tools-for-stm32.11.3.rel1.win32_1.1.100.202309141235/tools/bin/../lib/gcc/arm-none-eabi/11.3.1/../../../../arm-none-eabi/lib/thumb/v6-m/nofp\libc_nano.a(libc_a-nano-vfprintf.o)
                0x000000000800285c                _vfprintf_r
                0x000000000800285c                _vfiprintf_r
 .text._printf_common
                0x0000000008002a94       0xde C:/ST/STM32CubeIDE_1.14.0/STM32CubeIDE/plugins/com.st.stm32cube.ide.mcu.externaltools.gnu-tools-for-stm32.11.3.rel1.win32_1.1.100.202309141235/tools/bin/../lib/gcc/arm-none-eabi/11.3.1/../../../../arm-none-eabi/lib/thumb/v6-m/nofp\libc_nano.a(libc_a-nano-vfprintf_i.o)
                0x0000000008002a94                _printf_common
 *fill*         0x0000000008002b72        0x2 
 .text._printf_i
                0x0000000008002b74      0x220 C:/ST/STM32CubeIDE_1.14.0/STM32CubeIDE/plugins/com.st.stm32cube.ide.mcu.externaltools.gnu-tools-for-stm32.11.3.rel1.win32_1.1.100.202309141235/tools/bin/../lib/gcc/arm-none-eabi/11.3.1/../../../../arm-none-eabi/lib/thumb/v6-m/nofp\libc_nano.a(libc_a-nano-vfprintf_i.o)
                0x0000000008002b74                _printf_i
 .text.__swbuf_r
                0x0000000008002d94       0x84 C:/ST/STM32CubeIDE_1.14.0/STM32CubeIDE/plugins/com.st.stm32cube.ide.mcu.externaltools.gnu-tools-for-stm32.11.3.rel1.win32_1.1.100.202309141235/tools/bin/../lib/gcc/arm-none-eabi/11.3.1/../../../../arm-none-eabi/lib/thumb/v6-m/nofp\libc_nano.a(libc_a-wbuf.o)
                0x0000000008002d94                __swbuf_r
 .text.__swsetup_r
                0x0000000008002e18       0xc8 C:/ST/STM32CubeIDE_1.14.0/STM32CubeIDE/plugins/com.st.stm32cube.ide.mcu.externaltools.gnu-tools-for-stm32.11.3.rel1.win32_1.1.100.202309141235/tools/bin/../lib/gcc/arm-none-eabi/11.3.1/../../../../arm-none-eabi/lib/thumb/v6-m/nofp\libc_nano.a(libc_a-wsetup.o)
                0x0000000008002e18                __swsetup_r
 .text._raise_r
                0x0000000008002ee0       0x54 C:/ST/STM32CubeIDE_1.14.0/STM32CubeIDE/plugins/com.st.stm32cube.ide.mcu.externaltools.gnu-tools-for-stm32.11.3.rel1.win32_1.1.100.202309141235/tools/bin/../lib/gcc/arm-none-eabi/11.3.1/../../../../arm-none-eabi/lib/thumb/v6-m/nofp\libc_nano.a(libc_a-signal.o)
                0x0000000008002ee0                _raise_r
 .text.raise    0x0000000008002f34       0x14 C:/ST/STM32CubeIDE_1.14.0/STM32CubeIDE/plugins/com.st.stm32cube.ide.mcu.externaltools.gnu-tools-for-stm32.11.3.rel1.win32_1.1.100.202309141235/tools/bin/../lib/gcc/arm-none-eabi/11.3.1/../../../../arm-none-eabi/lib/thumb/v6-m/nofp\libc_nano.a(libc_a-signal.o)
                0x0000000008002f34                raise
 .text._kill_r  0x0000000008002f48       0x24 C:/ST/STM32CubeIDE_1.14.0/STM32CubeIDE/plugins/com.st.stm32cube.ide.mcu.externaltools.gnu-tools-for-stm32.11.3.rel1.win32_1.1.100.202309141235/tools/bin/../lib/gcc/arm-none-eabi/11.3.1/../../../../arm-none-eabi/lib/thumb/v6-m/nofp\libc_nano.a(libc_a-signalr.o)
                0x0000000008002f48                _kill_r
 .text._getpid_r
                0x0000000008002f6c        0x8 C:/ST/STM32CubeIDE_1.14.0/STM32CubeIDE/plugins/com.st.stm32cube.ide.mcu.externaltools.gnu-tools-for-stm32.11.3.rel1.win32_1.1.100.202309141235/tools/bin/../lib/gcc/arm-none-eabi/11.3.1/../../../../arm-none-eabi/lib/thumb/v6-m/nofp\libc_nano.a(libc_a-signalr.o)
                0x0000000008002f6c                _getpid_r
 .text.memchr   0x0000000008002f74       0x16 C:/ST/STM32CubeIDE_1.14.0/STM32CubeIDE/plugins/com.st.stm32cube.ide.mcu.externaltools.gnu-tools-for-stm32.11.3.rel1.win32_1.1.100.202309141235/tools/bin/../lib/gcc/arm-none-eabi/11.3.1/../../../../arm-none-eabi/lib/thumb/v6-m/nofp\libc_nano.a(libc_a-memchr-stub.o)
                0x0000000008002f74                memchr
 *fill*         0x0000000008002f8a        0x2 
 .text.__swhatbuf_r
                0x0000000008002f8c       0x50 C:/ST/STM32CubeIDE_1.14.0/STM32CubeIDE/plugins/com.st.stm32cube.ide.mcu.externaltools.gnu-tools-for-stm32.11.3.rel1.win32_1.1.100.202309141235/tools/bin/../lib/gcc/arm-none-eabi/11.3.1/../../../../arm-none-eabi/lib/thumb/v6-m/nofp\libc_nano.a(libc_a-makebuf.o)
                0x0000000008002f8c                __swhatbuf_r
 .text.__smakebuf_r
                0x0000000008002fdc       0x7c C:/ST/STM32CubeIDE_1.14.0/STM32CubeIDE/plugins/com.st.stm32cube.ide.mcu.externaltools.gnu-tools-for-stm32.11.3.rel1.win32_1.1.100.202309141235/tools/bin/../lib/gcc/arm-none-eabi/11.3.1/../../../../arm-none-eabi/lib/thumb/v6-m/nofp\libc_nano.a(libc_a-makebuf.o)
                0x0000000008002fdc                __smakebuf_r
 .text._fstat_r
                0x0000000008003058       0x24 C:/ST/STM32CubeIDE_1.14.0/STM32CubeIDE/plugins/com.st.stm32cube.ide.mcu.externaltools.gnu-tools-for-stm32.11.3.rel1.win32_1.1.100.202309141235/tools/bin/../lib/gcc/arm-none-eabi/11.3.1/../../../../arm-none-eabi/lib/thumb/v6-m/nofp\libc_nano.a(libc_a-fstatr.o)
                0x0000000008003058                _fstat_r
 .text._isatty_r
                0x000000000800307c       0x24 C:/ST/STM32CubeIDE_1.14.0/STM32CubeIDE/plugins/com.st.stm32cube.ide.mcu.externaltools.gnu-tools-for-stm32.11.3.rel1.win32_1.1.100.202309141235/tools/bin/../lib/gcc/arm-none-eabi/11.3.1/../../../../arm-none-eabi/lib/thumb/v6-m/nofp\libc_nano.a(libc_a-isattyr.o)
                0x000000000800307c                _isatty_r
 *(.glue_7)
 .glue_7        0x00000000080030a0        0x0 linker stubs
 *(.glue_7t)
 .glue_7t       0x00000000080030a0        0x0 linker stubs
 *(.eh_frame)
 .eh_frame      0x00000000080030a0        0x0 C:/ST/STM32CubeIDE_1.14.0/STM32CubeIDE/plugins/com.st.stm32cube.ide.mcu.externaltools.gnu-tools-for-stm32.11.3.rel1.win32_1.1.100.202309141235/tools/bin/../lib/gcc/arm-none-eabi/11.3.1/thumb/v6-m/nofp/crtbegin.o
 *(.init)
 .init          0x00000000080030a0        0x4 C:/ST/STM32CubeIDE_1.14.0/STM32CubeIDE/plugins/com.st.stm32cube.ide.mcu.externaltools.gnu-tools-for-stm32.11.3.rel1.win32_1.1.100.202309141235/tools/bin/../lib/gcc/arm-none-eabi/11.3.1/thumb/v6-m/nofp/crti.o
                0x00000000080030a0                _init
 .init          0x00000000080030a4        0x8 C:/ST/STM32CubeIDE_1.14.0/STM32CubeIDE/plugins/com.st.stm32cube.ide.mcu.externaltools.gnu-tools-for-stm32.11.3.rel1.win32_1.1.100.202309141235/tools/bin/../lib/gcc/arm-none-eabi/11.3.1/thumb/v6-m/nofp/crtn.o
 *(.fini)
 .fini          0x00000000080030ac        0x4 C:/ST/STM32CubeIDE_1.14.0/STM32CubeIDE/plugins/com.st.stm32cube.ide.mcu.externaltools.gnu-tools-for-stm32.11.3.rel1.win32_1.1.100.202309141235/tools/bin/../lib/gcc/arm-none-eabi/11.3.1/thumb/v6-m/nofp/crti.o
                0x00000000080030ac                _fini
 .fini          0x00000000080030b0        0x8 C:/ST/STM32CubeIDE_1.14.0/STM32CubeIDE/plugins/com.st.stm32cube.ide.mcu.externaltools.gnu-tools-for-stm32.11.3.rel1.win32_1.1.100.202309141235/tools/bin/../lib/gcc/arm-none-eabi/11.3.1/thumb/v6-m/nofp/crtn.o
                0x00000000080030b8                . = ALIGN (0x4)
                0x00000000080030b8                _etext = .

.vfp11_veneer   0x00000000080030b8        0x0
 .vfp11_veneer  0x00000000080030b8        0x0 linker stubs

.v4_bx          0x00000000080030b8        0x0
 .v4_bx         0x00000000080030b8        0x0 linker stubs

.iplt           0x00000000080030b8        0x0
 .iplt          0x00000000080030b8        0x0 C:/ST/STM32CubeIDE_1.14.0/STM32CubeIDE/plugins/com.st.stm32cube.ide.mcu.externaltools.gnu-tools-for-stm32.11.3.rel1.win32_1.1.100.202309141235/tools/bin/../lib/gcc/arm-none-eabi/11.3.1/thumb/v6-m/nofp/crtbegin.o

.rodata         0x00000000080030b8      0x134
                0x00000000080030b8                . = ALIGN (0x4)
 *(.rodata)
 .rodata        0x00000000080030b8       0x20 ./Drivers/STM32F0xx_HAL_Driver/Src/stm32f0xx_hal_rcc.o
 *(.rodata*)
 .rodata.reg_values
                0x00000000080030d8       0x1c ./Core/Src/sct.o
 .rodata.AHBPrescTable
                0x00000000080030f4       0x10 ./Core/Src/system_stm32f0xx.o
                0x00000000080030f4                AHBPrescTable
 .rodata.APBPrescTable
                0x0000000008003104        0x8 ./Core/Src/system_stm32f0xx.o
                0x0000000008003104                APBPrescTable
 .rodata.srand.str1.1
                0x000000000800310c       0x6f C:/ST/STM32CubeIDE_1.14.0/STM32CubeIDE/plugins/com.st.stm32cube.ide.mcu.externaltools.gnu-tools-for-stm32.11.3.rel1.win32_1.1.100.202309141235/tools/bin/../lib/gcc/arm-none-eabi/11.3.1/../../../../arm-none-eabi/lib/thumb/v6-m/nofp\libc_nano.a(libc_a-rand.o)
 .rodata.__assert_func.str1.1
                0x000000000800317b       0x3c C:/ST/STM32CubeIDE_1.14.0/STM32CubeIDE/plugins/com.st.stm32cube.ide.mcu.externaltools.gnu-tools-for-stm32.11.3.rel1.win32_1.1.100.202309141235/tools/bin/../lib/gcc/arm-none-eabi/11.3.1/../../../../arm-none-eabi/lib/thumb/v6-m/nofp\libc_nano.a(libc_a-assert.o)
                                         0x3d (size before relaxing)
 .rodata._vfprintf_r.str1.1
                0x00000000080031b7       0x11 C:/ST/STM32CubeIDE_1.14.0/STM32CubeIDE/plugins/com.st.stm32cube.ide.mcu.externaltools.gnu-tools-for-stm32.11.3.rel1.win32_1.1.100.202309141235/tools/bin/../lib/gcc/arm-none-eabi/11.3.1/../../../../arm-none-eabi/lib/thumb/v6-m/nofp\libc_nano.a(libc_a-nano-vfprintf.o)
 .rodata._printf_i.str1.1
                0x00000000080031c8       0x22 C:/ST/STM32CubeIDE_1.14.0/STM32CubeIDE/plugins/com.st.stm32cube.ide.mcu.externaltools.gnu-tools-for-stm32.11.3.rel1.win32_1.1.100.202309141235/tools/bin/../lib/gcc/arm-none-eabi/11.3.1/../../../../arm-none-eabi/lib/thumb/v6-m/nofp\libc_nano.a(libc_a-nano-vfprintf_i.o)
                0x00000000080031ec                . = ALIGN (0x4)
 *fill*         0x00000000080031ea        0x2 

.rel.dyn        0x00000000080031ec        0x0
 .rel.iplt      0x00000000080031ec        0x0 C:/ST/STM32CubeIDE_1.14.0/STM32CubeIDE/plugins/com.st.stm32cube.ide.mcu.externaltools.gnu-tools-for-stm32.11.3.rel1.win32_1.1.100.202309141235/tools/bin/../lib/gcc/arm-none-eabi/11.3.1/thumb/v6-m/nofp/crtbegin.o

.ARM.extab      0x00000000080031ec        0x0
                0x00000000080031ec                . = ALIGN (0x4)
 *(.ARM.extab* .gnu.linkonce.armextab.*)
                0x00000000080031ec                . = ALIGN (0x4)

.ARM            0x00000000080031ec        0x0
                0x00000000080031ec                . = ALIGN (0x4)
                0x00000000080031ec                __exidx_start = .
 *(.ARM.exidx*)
                0x00000000080031ec                __exidx_end = .
                0x00000000080031ec                . = ALIGN (0x4)

.preinit_array  0x00000000080031ec        0x0
                0x00000000080031ec                . = ALIGN (0x4)
                0x00000000080031ec                PROVIDE (__preinit_array_start = .)
 *(.preinit_array*)
                0x00000000080031ec                PROVIDE (__preinit_array_end = .)
                0x00000000080031ec                . = ALIGN (0x4)

.init_array     0x00000000080031ec        0x4
                0x00000000080031ec                . = ALIGN (0x4)
                0x00000000080031ec                PROVIDE (__init_array_start = .)
 *(SORT_BY_NAME(.init_array.*))
 *(.init_array*)
 .init_array    0x00000000080031ec        0x4 C:/ST/STM32CubeIDE_1.14.0/STM32CubeIDE/plugins/com.st.stm32cube.ide.mcu.externaltools.gnu-tools-for-stm32.11.3.rel1.win32_1.1.100.202309141235/tools/bin/../lib/gcc/arm-none-eabi/11.3.1/thumb/v6-m/nofp/crtbegin.o
                0x00000000080031f0                PROVIDE (__init_array_end = .)
                0x00000000080031f0                . = ALIGN (0x4)

.fini_array     0x00000000080031f0        0x4
                0x00000000080031f0                . = ALIGN (0x4)
                [!provide]                        PROVIDE (__fini_array_start = .)
 *(SORT_BY_NAME(.fini_array.*))
 *(.fini_array*)
 .fini_array    0x00000000080031f0        0x4 C:/ST/STM32CubeIDE_1.14.0/STM32CubeIDE/plugins/com.st.stm32cube.ide.mcu.externaltools.gnu-tools-for-stm32.11.3.rel1.win32_1.1.100.202309141235/tools/bin/../lib/gcc/arm-none-eabi/11.3.1/thumb/v6-m/nofp/crtbegin.o
                [!provide]                        PROVIDE (__fini_array_end = .)
                0x00000000080031f4                . = ALIGN (0x4)
                0x00000000080031f4                _sidata = LOADADDR (.data)

.data           0x0000000020000000       0x68 load address 0x00000000080031f4
                0x0000000020000000                . = ALIGN (0x4)
                0x0000000020000000                _sdata = .
 *(.data)
 *(.data*)
 .data.SystemCoreClock
                0x0000000020000000        0x4 ./Core/Src/system_stm32f0xx.o
                0x0000000020000000                SystemCoreClock
 .data.uwTickPrio
                0x0000000020000004        0x4 ./Drivers/STM32F0xx_HAL_Driver/Src/stm32f0xx_hal.o
                0x0000000020000004                uwTickPrio
 .data.uwTickFreq
                0x0000000020000008        0x1 ./Drivers/STM32F0xx_HAL_Driver/Src/stm32f0xx_hal.o
                0x0000000020000008                uwTickFreq
 *fill*         0x0000000020000009        0x3 
 .data.__sglue  0x000000002000000c        0xc C:/ST/STM32CubeIDE_1.14.0/STM32CubeIDE/plugins/com.st.stm32cube.ide.mcu.externaltools.gnu-tools-for-stm32.11.3.rel1.win32_1.1.100.202309141235/tools/bin/../lib/gcc/arm-none-eabi/11.3.1/../../../../arm-none-eabi/lib/thumb/v6-m/nofp\libc_nano.a(libc_a-findfp.o)
                0x000000002000000c                __sglue
 .data._impure_data
                0x0000000020000018       0x4c C:/ST/STM32CubeIDE_1.14.0/STM32CubeIDE/plugins/com.st.stm32cube.ide.mcu.externaltools.gnu-tools-for-stm32.11.3.rel1.win32_1.1.100.202309141235/tools/bin/../lib/gcc/arm-none-eabi/11.3.1/../../../../arm-none-eabi/lib/thumb/v6-m/nofp\libc_nano.a(libc_a-impure.o)
                0x0000000020000018                _impure_data
 .data._impure_ptr
                0x0000000020000064        0x4 C:/ST/STM32CubeIDE_1.14.0/STM32CubeIDE/plugins/com.st.stm32cube.ide.mcu.externaltools.gnu-tools-for-stm32.11.3.rel1.win32_1.1.100.202309141235/tools/bin/../lib/gcc/arm-none-eabi/11.3.1/../../../../arm-none-eabi/lib/thumb/v6-m/nofp\libc_nano.a(libc_a-impure.o)
                0x0000000020000064                _impure_ptr
 *(.RamFunc)
 *(.RamFunc*)
                0x0000000020000068                . = ALIGN (0x4)
                0x0000000020000068                _edata = .

.igot.plt       0x0000000020000068        0x0 load address 0x000000000800325c
 .igot.plt      0x0000000020000068        0x0 C:/ST/STM32CubeIDE_1.14.0/STM32CubeIDE/plugins/com.st.stm32cube.ide.mcu.externaltools.gnu-tools-for-stm32.11.3.rel1.win32_1.1.100.202309141235/tools/bin/../lib/gcc/arm-none-eabi/11.3.1/thumb/v6-m/nofp/crtbegin.o
                0x0000000020000068                . = ALIGN (0x4)

.bss            0x0000000020000068      0x1f4 load address 0x000000000800325c
                0x0000000020000068                _sbss = .
                0x0000000020000068                __bss_start__ = _sbss
 *(.bss)
 .bss           0x0000000020000068       0x1c C:/ST/STM32CubeIDE_1.14.0/STM32CubeIDE/plugins/com.st.stm32cube.ide.mcu.externaltools.gnu-tools-for-stm32.11.3.rel1.win32_1.1.100.202309141235/tools/bin/../lib/gcc/arm-none-eabi/11.3.1/thumb/v6-m/nofp/crtbegin.o
 *(.bss*)
 .bss.huart2    0x0000000020000084       0x84 ./Core/Src/main.o
                0x0000000020000084                huart2
 .bss.__sbrk_heap_end
                0x0000000020000108        0x4 ./Core/Src/sysmem.o
 .bss.uwTick    0x000000002000010c        0x4 ./Drivers/STM32F0xx_HAL_Driver/Src/stm32f0xx_hal.o
                0x000000002000010c                uwTick
 .bss.__sf      0x0000000020000110      0x138 C:/ST/STM32CubeIDE_1.14.0/STM32CubeIDE/plugins/com.st.stm32cube.ide.mcu.externaltools.gnu-tools-for-stm32.11.3.rel1.win32_1.1.100.202309141235/tools/bin/../lib/gcc/arm-none-eabi/11.3.1/../../../../arm-none-eabi/lib/thumb/v6-m/nofp\libc_nano.a(libc_a-findfp.o)
                0x0000000020000110                __sf
 .bss.__stdio_exit_handler
                0x0000000020000248        0x4 C:/ST/STM32CubeIDE_1.14.0/STM32CubeIDE/plugins/com.st.stm32cube.ide.mcu.externaltools.gnu-tools-for-stm32.11.3.rel1.win32_1.1.100.202309141235/tools/bin/../lib/gcc/arm-none-eabi/11.3.1/../../../../arm-none-eabi/lib/thumb/v6-m/nofp\libc_nano.a(libc_a-findfp.o)
                0x0000000020000248                __stdio_exit_handler
 .bss.errno     0x000000002000024c        0x4 C:/ST/STM32CubeIDE_1.14.0/STM32CubeIDE/plugins/com.st.stm32cube.ide.mcu.externaltools.gnu-tools-for-stm32.11.3.rel1.win32_1.1.100.202309141235/tools/bin/../lib/gcc/arm-none-eabi/11.3.1/../../../../arm-none-eabi/lib/thumb/v6-m/nofp\libc_nano.a(libc_a-reent.o)
                0x000000002000024c                errno
 .bss.__lock___malloc_recursive_mutex
                0x0000000020000250        0x1 C:/ST/STM32CubeIDE_1.14.0/STM32CubeIDE/plugins/com.st.stm32cube.ide.mcu.externaltools.gnu-tools-for-stm32.11.3.rel1.win32_1.1.100.202309141235/tools/bin/../lib/gcc/arm-none-eabi/11.3.1/../../../../arm-none-eabi/lib/thumb/v6-m/nofp\libc_nano.a(libc_a-lock.o)
                0x0000000020000250                __lock___malloc_recursive_mutex
 .bss.__lock___sfp_recursive_mutex
                0x0000000020000251        0x1 C:/ST/STM32CubeIDE_1.14.0/STM32CubeIDE/plugins/com.st.stm32cube.ide.mcu.externaltools.gnu-tools-for-stm32.11.3.rel1.win32_1.1.100.202309141235/tools/bin/../lib/gcc/arm-none-eabi/11.3.1/../../../../arm-none-eabi/lib/thumb/v6-m/nofp\libc_nano.a(libc_a-lock.o)
                0x0000000020000251                __lock___sfp_recursive_mutex
 *fill*         0x0000000020000252        0x2 
 .bss.__malloc_free_list
                0x0000000020000254        0x4 C:/ST/STM32CubeIDE_1.14.0/STM32CubeIDE/plugins/com.st.stm32cube.ide.mcu.externaltools.gnu-tools-for-stm32.11.3.rel1.win32_1.1.100.202309141235/tools/bin/../lib/gcc/arm-none-eabi/11.3.1/../../../../arm-none-eabi/lib/thumb/v6-m/nofp\libc_nano.a(libc_a-mallocr.o)
                0x0000000020000254                __malloc_free_list
 .bss.__malloc_sbrk_start
                0x0000000020000258        0x4 C:/ST/STM32CubeIDE_1.14.0/STM32CubeIDE/plugins/com.st.stm32cube.ide.mcu.externaltools.gnu-tools-for-stm32.11.3.rel1.win32_1.1.100.202309141235/tools/bin/../lib/gcc/arm-none-eabi/11.3.1/../../../../arm-none-eabi/lib/thumb/v6-m/nofp\libc_nano.a(libc_a-mallocr.o)
                0x0000000020000258                __malloc_sbrk_start
 *(COMMON)
                0x000000002000025c                . = ALIGN (0x4)
                0x000000002000025c                _ebss = .
                0x000000002000025c                __bss_end__ = _ebss

._user_heap_stack
                0x000000002000025c      0x604 load address 0x000000000800325c
                0x0000000020000260                . = ALIGN (0x8)
 *fill*         0x000000002000025c        0x4 
                [!provide]                        PROVIDE (end = .)
                0x0000000020000260                PROVIDE (_end = .)
                0x0000000020000460                . = (. + _Min_Heap_Size)
 *fill*         0x0000000020000260      0x200 
                0x0000000020000860                . = (. + _Min_Stack_Size)
 *fill*         0x0000000020000460      0x400 
                0x0000000020000860                . = ALIGN (0x8)

/DISCARD/
 libc.a(*)
 libm.a(*)
 libgcc.a(*)

.ARM.attributes
                0x0000000000000000       0x28
 *(.ARM.attributes)
 .ARM.attributes
                0x0000000000000000       0x1e C:/ST/STM32CubeIDE_1.14.0/STM32CubeIDE/plugins/com.st.stm32cube.ide.mcu.externaltools.gnu-tools-for-stm32.11.3.rel1.win32_1.1.100.202309141235/tools/bin/../lib/gcc/arm-none-eabi/11.3.1/thumb/v6-m/nofp/crti.o
 .ARM.attributes
                0x000000000000001e       0x2c C:/ST/STM32CubeIDE_1.14.0/STM32CubeIDE/plugins/com.st.stm32cube.ide.mcu.externaltools.gnu-tools-for-stm32.11.3.rel1.win32_1.1.100.202309141235/tools/bin/../lib/gcc/arm-none-eabi/11.3.1/thumb/v6-m/nofp/crtbegin.o
 .ARM.attributes
                0x000000000000004a       0x2c ./Core/Src/main.o
 .ARM.attributes
                0x0000000000000076       0x2c ./Core/Src/sct.o
 .ARM.attributes
                0x00000000000000a2       0x2c ./Core/Src/stm32f0xx_hal_msp.o
 .ARM.attributes
                0x00000000000000ce       0x2c ./Core/Src/stm32f0xx_it.o
 .ARM.attributes
                0x00000000000000fa       0x2c ./Core/Src/syscalls.o
 .ARM.attributes
                0x0000000000000126       0x2c ./Core/Src/sysmem.o
 .ARM.attributes
                0x0000000000000152       0x2c ./Core/Src/system_stm32f0xx.o
 .ARM.attributes
                0x000000000000017e       0x21 ./Core/Startup/startup_stm32f030r8tx.o
 .ARM.attributes
                0x000000000000019f       0x2c ./Drivers/STM32F0xx_HAL_Driver/Src/stm32f0xx_hal.o
 .ARM.attributes
                0x00000000000001cb       0x2c ./Drivers/STM32F0xx_HAL_Driver/Src/stm32f0xx_hal_cortex.o
 .ARM.attributes
                0x00000000000001f7       0x2c ./Drivers/STM32F0xx_HAL_Driver/Src/stm32f0xx_hal_gpio.o
 .ARM.attributes
                0x0000000000000223       0x2c ./Drivers/STM32F0xx_HAL_Driver/Src/stm32f0xx_hal_rcc.o
 .ARM.attributes
                0x000000000000024f       0x2c ./Drivers/STM32F0xx_HAL_Driver/Src/stm32f0xx_hal_uart.o
 .ARM.attributes
                0x000000000000027b       0x2c C:/ST/STM32CubeIDE_1.14.0/STM32CubeIDE/plugins/com.st.stm32cube.ide.mcu.externaltools.gnu-tools-for-stm32.11.3.rel1.win32_1.1.100.202309141235/tools/bin/../lib/gcc/arm-none-eabi/11.3.1/../../../../arm-none-eabi/lib/thumb/v6-m/nofp\libc_nano.a(libc_a-rand.o)
 .ARM.attributes
                0x00000000000002a7       0x2c C:/ST/STM32CubeIDE_1.14.0/STM32CubeIDE/plugins/com.st.stm32cube.ide.mcu.externaltools.gnu-tools-for-stm32.11.3.rel1.win32_1.1.100.202309141235/tools/bin/../lib/gcc/arm-none-eabi/11.3.1/../../../../arm-none-eabi/lib/thumb/v6-m/nofp\libc_nano.a(libc_a-findfp.o)
 .ARM.attributes
                0x00000000000002d3       0x2c C:/ST/STM32CubeIDE_1.14.0/STM32CubeIDE/plugins/com.st.stm32cube.ide.mcu.externaltools.gnu-tools-for-stm32.11.3.rel1.win32_1.1.100.202309141235/tools/bin/../lib/gcc/arm-none-eabi/11.3.1/../../../../arm-none-eabi/lib/thumb/v6-m/nofp\libc_nano.a(libc_a-fwalk.o)
 .ARM.attributes
                0x00000000000002ff       0x2c C:/ST/STM32CubeIDE_1.14.0/STM32CubeIDE/plugins/com.st.stm32cube.ide.mcu.externaltools.gnu-tools-for-stm32.11.3.rel1.win32_1.1.100.202309141235/tools/bin/../lib/gcc/arm-none-eabi/11.3.1/../../../../arm-none-eabi/lib/thumb/v6-m/nofp\libc_nano.a(libc_a-stdio.o)
 .ARM.attributes
                0x000000000000032b       0x2c C:/ST/STM32CubeIDE_1.14.0/STM32CubeIDE/plugins/com.st.stm32cube.ide.mcu.externaltools.gnu-tools-for-stm32.11.3.rel1.win32_1.1.100.202309141235/tools/bin/../lib/gcc/arm-none-eabi/11.3.1/../../../../arm-none-eabi/lib/thumb/v6-m/nofp\libc_nano.a(libc_a-memset.o)
 .ARM.attributes
                0x0000000000000357       0x2c C:/ST/STM32CubeIDE_1.14.0/STM32CubeIDE/plugins/com.st.stm32cube.ide.mcu.externaltools.gnu-tools-for-stm32.11.3.rel1.win32_1.1.100.202309141235/tools/bin/../lib/gcc/arm-none-eabi/11.3.1/../../../../arm-none-eabi/lib/thumb/v6-m/nofp\libc_nano.a(libc_a-closer.o)
 .ARM.attributes
                0x0000000000000383       0x2c C:/ST/STM32CubeIDE_1.14.0/STM32CubeIDE/plugins/com.st.stm32cube.ide.mcu.externaltools.gnu-tools-for-stm32.11.3.rel1.win32_1.1.100.202309141235/tools/bin/../lib/gcc/arm-none-eabi/11.3.1/../../../../arm-none-eabi/lib/thumb/v6-m/nofp\libc_nano.a(libc_a-reent.o)
 .ARM.attributes
                0x00000000000003af       0x2c C:/ST/STM32CubeIDE_1.14.0/STM32CubeIDE/plugins/com.st.stm32cube.ide.mcu.externaltools.gnu-tools-for-stm32.11.3.rel1.win32_1.1.100.202309141235/tools/bin/../lib/gcc/arm-none-eabi/11.3.1/../../../../arm-none-eabi/lib/thumb/v6-m/nofp\libc_nano.a(libc_a-impure.o)
 .ARM.attributes
                0x00000000000003db       0x2c C:/ST/STM32CubeIDE_1.14.0/STM32CubeIDE/plugins/com.st.stm32cube.ide.mcu.externaltools.gnu-tools-for-stm32.11.3.rel1.win32_1.1.100.202309141235/tools/bin/../lib/gcc/arm-none-eabi/11.3.1/../../../../arm-none-eabi/lib/thumb/v6-m/nofp\libc_nano.a(libc_a-lseekr.o)
 .ARM.attributes
                0x0000000000000407       0x2c C:/ST/STM32CubeIDE_1.14.0/STM32CubeIDE/plugins/com.st.stm32cube.ide.mcu.externaltools.gnu-tools-for-stm32.11.3.rel1.win32_1.1.100.202309141235/tools/bin/../lib/gcc/arm-none-eabi/11.3.1/../../../../arm-none-eabi/lib/thumb/v6-m/nofp\libc_nano.a(libc_a-readr.o)
 .ARM.attributes
                0x0000000000000433       0x2c C:/ST/STM32CubeIDE_1.14.0/STM32CubeIDE/plugins/com.st.stm32cube.ide.mcu.externaltools.gnu-tools-for-stm32.11.3.rel1.win32_1.1.100.202309141235/tools/bin/../lib/gcc/arm-none-eabi/11.3.1/../../../../arm-none-eabi/lib/thumb/v6-m/nofp\libc_nano.a(libc_a-writer.o)
 .ARM.attributes
                0x000000000000045f       0x2c C:/ST/STM32CubeIDE_1.14.0/STM32CubeIDE/plugins/com.st.stm32cube.ide.mcu.externaltools.gnu-tools-for-stm32.11.3.rel1.win32_1.1.100.202309141235/tools/bin/../lib/gcc/arm-none-eabi/11.3.1/../../../../arm-none-eabi/lib/thumb/v6-m/nofp\libc_nano.a(libc_a-errno.o)
 .ARM.attributes
                0x000000000000048b       0x2c C:/ST/STM32CubeIDE_1.14.0/STM32CubeIDE/plugins/com.st.stm32cube.ide.mcu.externaltools.gnu-tools-for-stm32.11.3.rel1.win32_1.1.100.202309141235/tools/bin/../lib/gcc/arm-none-eabi/11.3.1/../../../../arm-none-eabi/lib/thumb/v6-m/nofp\libc_nano.a(libc_a-init.o)
 .ARM.attributes
                0x00000000000004b7       0x2c C:/ST/STM32CubeIDE_1.14.0/STM32CubeIDE/plugins/com.st.stm32cube.ide.mcu.externaltools.gnu-tools-for-stm32.11.3.rel1.win32_1.1.100.202309141235/tools/bin/../lib/gcc/arm-none-eabi/11.3.1/../../../../arm-none-eabi/lib/thumb/v6-m/nofp\libc_nano.a(libc_a-lock.o)
 .ARM.attributes
                0x00000000000004e3       0x2c C:/ST/STM32CubeIDE_1.14.0/STM32CubeIDE/plugins/com.st.stm32cube.ide.mcu.externaltools.gnu-tools-for-stm32.11.3.rel1.win32_1.1.100.202309141235/tools/bin/../lib/gcc/arm-none-eabi/11.3.1/../../../../arm-none-eabi/lib/thumb/v6-m/nofp\libc_nano.a(libc_a-assert.o)
 .ARM.attributes
                0x000000000000050f       0x2c C:/ST/STM32CubeIDE_1.14.0/STM32CubeIDE/plugins/com.st.stm32cube.ide.mcu.externaltools.gnu-tools-for-stm32.11.3.rel1.win32_1.1.100.202309141235/tools/bin/../lib/gcc/arm-none-eabi/11.3.1/../../../../arm-none-eabi/lib/thumb/v6-m/nofp\libc_nano.a(libc_a-freer.o)
 .ARM.attributes
                0x000000000000053b       0x2c C:/ST/STM32CubeIDE_1.14.0/STM32CubeIDE/plugins/com.st.stm32cube.ide.mcu.externaltools.gnu-tools-for-stm32.11.3.rel1.win32_1.1.100.202309141235/tools/bin/../lib/gcc/arm-none-eabi/11.3.1/../../../../arm-none-eabi/lib/thumb/v6-m/nofp\libc_nano.a(libc_a-malloc.o)
 .ARM.attributes
                0x0000000000000567       0x2c C:/ST/STM32CubeIDE_1.14.0/STM32CubeIDE/plugins/com.st.stm32cube.ide.mcu.externaltools.gnu-tools-for-stm32.11.3.rel1.win32_1.1.100.202309141235/tools/bin/../lib/gcc/arm-none-eabi/11.3.1/../../../../arm-none-eabi/lib/thumb/v6-m/nofp\libc_nano.a(libc_a-mallocr.o)
 .ARM.attributes
                0x0000000000000593       0x2c C:/ST/STM32CubeIDE_1.14.0/STM32CubeIDE/plugins/com.st.stm32cube.ide.mcu.externaltools.gnu-tools-for-stm32.11.3.rel1.win32_1.1.100.202309141235/tools/bin/../lib/gcc/arm-none-eabi/11.3.1/../../../../arm-none-eabi/lib/thumb/v6-m/nofp\libc_nano.a(libc_a-mlock.o)
 .ARM.attributes
                0x00000000000005bf       0x2c C:/ST/STM32CubeIDE_1.14.0/STM32CubeIDE/plugins/com.st.stm32cube.ide.mcu.externaltools.gnu-tools-for-stm32.11.3.rel1.win32_1.1.100.202309141235/tools/bin/../lib/gcc/arm-none-eabi/11.3.1/../../../../arm-none-eabi/lib/thumb/v6-m/nofp\libc_nano.a(libc_a-fflush.o)
 .ARM.attributes
                0x00000000000005eb       0x2c C:/ST/STM32CubeIDE_1.14.0/STM32CubeIDE/plugins/com.st.stm32cube.ide.mcu.externaltools.gnu-tools-for-stm32.11.3.rel1.win32_1.1.100.202309141235/tools/bin/../lib/gcc/arm-none-eabi/11.3.1/../../../../arm-none-eabi/lib/thumb/v6-m/nofp\libc_nano.a(libc_a-fprintf.o)
 .ARM.attributes
                0x0000000000000617       0x2c C:/ST/STM32CubeIDE_1.14.0/STM32CubeIDE/plugins/com.st.stm32cube.ide.mcu.externaltools.gnu-tools-for-stm32.11.3.rel1.win32_1.1.100.202309141235/tools/bin/../lib/gcc/arm-none-eabi/11.3.1/../../../../arm-none-eabi/lib/thumb/v6-m/nofp\libc_nano.a(libc_a-sbrkr.o)
 .ARM.attributes
                0x0000000000000643       0x2c C:/ST/STM32CubeIDE_1.14.0/STM32CubeIDE/plugins/com.st.stm32cube.ide.mcu.externaltools.gnu-tools-for-stm32.11.3.rel1.win32_1.1.100.202309141235/tools/bin/../lib/gcc/arm-none-eabi/11.3.1/../../../../arm-none-eabi/lib/thumb/v6-m/nofp\libc_nano.a(libc_a-abort.o)
 .ARM.attributes
                0x000000000000066f       0x2c C:/ST/STM32CubeIDE_1.14.0/STM32CubeIDE/plugins/com.st.stm32cube.ide.mcu.externaltools.gnu-tools-for-stm32.11.3.rel1.win32_1.1.100.202309141235/tools/bin/../lib/gcc/arm-none-eabi/11.3.1/../../../../arm-none-eabi/lib/thumb/v6-m/nofp\libc_nano.a(libc_a-nano-vfprintf.o)
 .ARM.attributes
                0x000000000000069b       0x2c C:/ST/STM32CubeIDE_1.14.0/STM32CubeIDE/plugins/com.st.stm32cube.ide.mcu.externaltools.gnu-tools-for-stm32.11.3.rel1.win32_1.1.100.202309141235/tools/bin/../lib/gcc/arm-none-eabi/11.3.1/../../../../arm-none-eabi/lib/thumb/v6-m/nofp\libc_nano.a(libc_a-nano-vfprintf_i.o)
 .ARM.attributes
                0x00000000000006c7       0x2c C:/ST/STM32CubeIDE_1.14.0/STM32CubeIDE/plugins/com.st.stm32cube.ide.mcu.externaltools.gnu-tools-for-stm32.11.3.rel1.win32_1.1.100.202309141235/tools/bin/../lib/gcc/arm-none-eabi/11.3.1/../../../../arm-none-eabi/lib/thumb/v6-m/nofp\libc_nano.a(libc_a-wbuf.o)
 .ARM.attributes
                0x00000000000006f3       0x2c C:/ST/STM32CubeIDE_1.14.0/STM32CubeIDE/plugins/com.st.stm32cube.ide.mcu.externaltools.gnu-tools-for-stm32.11.3.rel1.win32_1.1.100.202309141235/tools/bin/../lib/gcc/arm-none-eabi/11.3.1/../../../../arm-none-eabi/lib/thumb/v6-m/nofp\libc_nano.a(libc_a-wsetup.o)
 .ARM.attributes
                0x000000000000071f       0x2c C:/ST/STM32CubeIDE_1.14.0/STM32CubeIDE/plugins/com.st.stm32cube.ide.mcu.externaltools.gnu-tools-for-stm32.11.3.rel1.win32_1.1.100.202309141235/tools/bin/../lib/gcc/arm-none-eabi/11.3.1/../../../../arm-none-eabi/lib/thumb/v6-m/nofp\libc_nano.a(libc_a-signal.o)
 .ARM.attributes
                0x000000000000074b       0x2c C:/ST/STM32CubeIDE_1.14.0/STM32CubeIDE/plugins/com.st.stm32cube.ide.mcu.externaltools.gnu-tools-for-stm32.11.3.rel1.win32_1.1.100.202309141235/tools/bin/../lib/gcc/arm-none-eabi/11.3.1/../../../../arm-none-eabi/lib/thumb/v6-m/nofp\libc_nano.a(libc_a-signalr.o)
 .ARM.attributes
                0x0000000000000777       0x2c C:/ST/STM32CubeIDE_1.14.0/STM32CubeIDE/plugins/com.st.stm32cube.ide.mcu.externaltools.gnu-tools-for-stm32.11.3.rel1.win32_1.1.100.202309141235/tools/bin/../lib/gcc/arm-none-eabi/11.3.1/../../../../arm-none-eabi/lib/thumb/v6-m/nofp\libc_nano.a(libc_a-memchr-stub.o)
 .ARM.attributes
                0x00000000000007a3       0x2c C:/ST/STM32CubeIDE_1.14.0/STM32CubeIDE/plugins/com.st.stm32cube.ide.mcu.externaltools.gnu-tools-for-stm32.11.3.rel1.win32_1.1.100.202309141235/tools/bin/../lib/gcc/arm-none-eabi/11.3.1/../../../../arm-none-eabi/lib/thumb/v6-m/nofp\libc_nano.a(libc_a-makebuf.o)
 .ARM.attributes
                0x00000000000007cf       0x2c C:/ST/STM32CubeIDE_1.14.0/STM32CubeIDE/plugins/com.st.stm32cube.ide.mcu.externaltools.gnu-tools-for-stm32.11.3.rel1.win32_1.1.100.202309141235/tools/bin/../lib/gcc/arm-none-eabi/11.3.1/../../../../arm-none-eabi/lib/thumb/v6-m/nofp\libc_nano.a(libc_a-fstatr.o)
 .ARM.attributes
                0x00000000000007fb       0x2c C:/ST/STM32CubeIDE_1.14.0/STM32CubeIDE/plugins/com.st.stm32cube.ide.mcu.externaltools.gnu-tools-for-stm32.11.3.rel1.win32_1.1.100.202309141235/tools/bin/../lib/gcc/arm-none-eabi/11.3.1/../../../../arm-none-eabi/lib/thumb/v6-m/nofp\libc_nano.a(libc_a-isattyr.o)
 .ARM.attributes
                0x0000000000000827       0x1e C:/ST/STM32CubeIDE_1.14.0/STM32CubeIDE/plugins/com.st.stm32cube.ide.mcu.externaltools.gnu-tools-for-stm32.11.3.rel1.win32_1.1.100.202309141235/tools/bin/../lib/gcc/arm-none-eabi/11.3.1/thumb/v6-m/nofp\libgcc.a(_thumb1_case_shi.o)
 .ARM.attributes
                0x0000000000000845       0x1e C:/ST/STM32CubeIDE_1.14.0/STM32CubeIDE/plugins/com.st.stm32cube.ide.mcu.externaltools.gnu-tools-for-stm32.11.3.rel1.win32_1.1.100.202309141235/tools/bin/../lib/gcc/arm-none-eabi/11.3.1/thumb/v6-m/nofp\libgcc.a(_udivsi3.o)
 .ARM.attributes
                0x0000000000000863       0x1e C:/ST/STM32CubeIDE_1.14.0/STM32CubeIDE/plugins/com.st.stm32cube.ide.mcu.externaltools.gnu-tools-for-stm32.11.3.rel1.win32_1.1.100.202309141235/tools/bin/../lib/gcc/arm-none-eabi/11.3.1/thumb/v6-m/nofp\libgcc.a(_divsi3.o)
 .ARM.attributes
                0x0000000000000881       0x1e C:/ST/STM32CubeIDE_1.14.0/STM32CubeIDE/plugins/com.st.stm32cube.ide.mcu.externaltools.gnu-tools-for-stm32.11.3.rel1.win32_1.1.100.202309141235/tools/bin/../lib/gcc/arm-none-eabi/11.3.1/thumb/v6-m/nofp\libgcc.a(_dvmd_tls.o)
 .ARM.attributes
                0x000000000000089f       0x2c C:/ST/STM32CubeIDE_1.14.0/STM32CubeIDE/plugins/com.st.stm32cube.ide.mcu.externaltools.gnu-tools-for-stm32.11.3.rel1.win32_1.1.100.202309141235/tools/bin/../lib/gcc/arm-none-eabi/11.3.1/thumb/v6-m/nofp\libgcc.a(_muldi3.o)
 .ARM.attributes
                0x00000000000008cb       0x1e C:/ST/STM32CubeIDE_1.14.0/STM32CubeIDE/plugins/com.st.stm32cube.ide.mcu.externaltools.gnu-tools-for-stm32.11.3.rel1.win32_1.1.100.202309141235/tools/bin/../lib/gcc/arm-none-eabi/11.3.1/thumb/v6-m/nofp/crtn.o
OUTPUT(kostka.elf elf32-littlearm)
LOAD linker stubs
LOAD C:/ST/STM32CubeIDE_1.14.0/STM32CubeIDE/plugins/com.st.stm32cube.ide.mcu.externaltools.gnu-tools-for-stm32.11.3.rel1.win32_1.1.100.202309141235/tools/bin/../lib/gcc/arm-none-eabi/11.3.1/../../../../arm-none-eabi/lib/thumb/v6-m/nofp\libc.a
LOAD C:/ST/STM32CubeIDE_1.14.0/STM32CubeIDE/plugins/com.st.stm32cube.ide.mcu.externaltools.gnu-tools-for-stm32.11.3.rel1.win32_1.1.100.202309141235/tools/bin/../lib/gcc/arm-none-eabi/11.3.1/../../../../arm-none-eabi/lib/thumb/v6-m/nofp\libm.a
LOAD C:/ST/STM32CubeIDE_1.14.0/STM32CubeIDE/plugins/com.st.stm32cube.ide.mcu.externaltools.gnu-tools-for-stm32.11.3.rel1.win32_1.1.100.202309141235/tools/bin/../lib/gcc/arm-none-eabi/11.3.1/thumb/v6-m/nofp\libgcc.a

.comment        0x0000000000000000       0x43
 .comment       0x0000000000000000       0x43 C:/ST/STM32CubeIDE_1.14.0/STM32CubeIDE/plugins/com.st.stm32cube.ide.mcu.externaltools.gnu-tools-for-stm32.11.3.rel1.win32_1.1.100.202309141235/tools/bin/../lib/gcc/arm-none-eabi/11.3.1/thumb/v6-m/nofp/crtbegin.o
                                         0x44 (size before relaxing)
 .comment       0x0000000000000043       0x44 ./Core/Src/main.o
 .comment       0x0000000000000043       0x44 ./Core/Src/sct.o
 .comment       0x0000000000000043       0x44 ./Core/Src/stm32f0xx_hal_msp.o
 .comment       0x0000000000000043       0x44 ./Core/Src/stm32f0xx_it.o
 .comment       0x0000000000000043       0x44 ./Core/Src/syscalls.o
 .comment       0x0000000000000043       0x44 ./Core/Src/sysmem.o
 .comment       0x0000000000000043       0x44 ./Core/Src/system_stm32f0xx.o
 .comment       0x0000000000000043       0x44 ./Drivers/STM32F0xx_HAL_Driver/Src/stm32f0xx_hal.o
 .comment       0x0000000000000043       0x44 ./Drivers/STM32F0xx_HAL_Driver/Src/stm32f0xx_hal_cortex.o
 .comment       0x0000000000000043       0x44 ./Drivers/STM32F0xx_HAL_Driver/Src/stm32f0xx_hal_gpio.o
 .comment       0x0000000000000043       0x44 ./Drivers/STM32F0xx_HAL_Driver/Src/stm32f0xx_hal_rcc.o
 .comment       0x0000000000000043       0x44 ./Drivers/STM32F0xx_HAL_Driver/Src/stm32f0xx_hal_uart.o

.debug_info     0x0000000000000000     0x7646
 .debug_info    0x0000000000000000      0xbc4 ./Core/Src/main.o
 .debug_info    0x0000000000000bc4      0x256 ./Core/Src/sct.o
 .debug_info    0x0000000000000e1a      0x8d2 ./Core/Src/stm32f0xx_hal_msp.o
 .debug_info    0x00000000000016ec       0xd3 ./Core/Src/stm32f0xx_it.o
 .debug_info    0x00000000000017bf      0x6a3 ./Core/Src/syscalls.o
 .debug_info    0x0000000000001e62      0x168 ./Core/Src/sysmem.o
 .debug_info    0x0000000000001fca      0x242 ./Core/Src/system_stm32f0xx.o
 .debug_info    0x000000000000220c       0x23 ./Core/Startup/startup_stm32f030r8tx.o
 .debug_info    0x000000000000222f      0x670 ./Drivers/STM32F0xx_HAL_Driver/Src/stm32f0xx_hal.o
 .debug_info    0x000000000000289f      0x69b ./Drivers/STM32F0xx_HAL_Driver/Src/stm32f0xx_hal_cortex.o
 .debug_info    0x0000000000002f3a      0x5c1 ./Drivers/STM32F0xx_HAL_Driver/Src/stm32f0xx_hal_gpio.o
 .debug_info    0x00000000000034fb      0x840 ./Drivers/STM32F0xx_HAL_Driver/Src/stm32f0xx_hal_rcc.o
 .debug_info    0x0000000000003d3b     0x390b ./Drivers/STM32F0xx_HAL_Driver/Src/stm32f0xx_hal_uart.o

.debug_abbrev   0x0000000000000000     0x157d
 .debug_abbrev  0x0000000000000000      0x28c ./Core/Src/main.o
 .debug_abbrev  0x000000000000028c      0x145 ./Core/Src/sct.o
 .debug_abbrev  0x00000000000003d1      0x1a3 ./Core/Src/stm32f0xx_hal_msp.o
 .debug_abbrev  0x0000000000000574       0x73 ./Core/Src/stm32f0xx_it.o
 .debug_abbrev  0x00000000000005e7      0x1b6 ./Core/Src/syscalls.o
 .debug_abbrev  0x000000000000079d       0xbc ./Core/Src/sysmem.o
 .debug_abbrev  0x0000000000000859      0x11c ./Core/Src/system_stm32f0xx.o
 .debug_abbrev  0x0000000000000975       0x12 ./Core/Startup/startup_stm32f030r8tx.o
 .debug_abbrev  0x0000000000000987      0x24b ./Drivers/STM32F0xx_HAL_Driver/Src/stm32f0xx_hal.o
 .debug_abbrev  0x0000000000000bd2      0x28c ./Drivers/STM32F0xx_HAL_Driver/Src/stm32f0xx_hal_cortex.o
 .debug_abbrev  0x0000000000000e5e      0x1c8 ./Drivers/STM32F0xx_HAL_Driver/Src/stm32f0xx_hal_gpio.o
 .debug_abbrev  0x0000000000001026      0x28b ./Drivers/STM32F0xx_HAL_Driver/Src/stm32f0xx_hal_rcc.o
 .debug_abbrev  0x00000000000012b1      0x2cc ./Drivers/STM32F0xx_HAL_Driver/Src/stm32f0xx_hal_uart.o

.debug_aranges  0x0000000000000000      0x678
 .debug_aranges
                0x0000000000000000       0x40 ./Core/Src/main.o
 .debug_aranges
                0x0000000000000040       0x30 ./Core/Src/sct.o
 .debug_aranges
                0x0000000000000070       0x30 ./Core/Src/stm32f0xx_hal_msp.o
 .debug_aranges
                0x00000000000000a0       0x40 ./Core/Src/stm32f0xx_it.o
 .debug_aranges
                0x00000000000000e0       0xa8 ./Core/Src/syscalls.o
 .debug_aranges
                0x0000000000000188       0x20 ./Core/Src/sysmem.o
 .debug_aranges
                0x00000000000001a8       0x28 ./Core/Src/system_stm32f0xx.o
 .debug_aranges
                0x00000000000001d0       0x28 ./Core/Startup/startup_stm32f030r8tx.o
 .debug_aranges
                0x00000000000001f8       0xd0 ./Drivers/STM32F0xx_HAL_Driver/Src/stm32f0xx_hal.o
 .debug_aranges
                0x00000000000002c8       0xc0 ./Drivers/STM32F0xx_HAL_Driver/Src/stm32f0xx_hal_cortex.o
 .debug_aranges
                0x0000000000000388       0x58 ./Drivers/STM32F0xx_HAL_Driver/Src/stm32f0xx_hal_gpio.o
 .debug_aranges
                0x00000000000003e0       0x80 ./Drivers/STM32F0xx_HAL_Driver/Src/stm32f0xx_hal_rcc.o
 .debug_aranges
                0x0000000000000460      0x218 ./Drivers/STM32F0xx_HAL_Driver/Src/stm32f0xx_hal_uart.o

.debug_rnglists
                0x0000000000000000      0x4e8
 .debug_rnglists
                0x0000000000000000       0x2e ./Core/Src/main.o
 .debug_rnglists
                0x000000000000002e       0x20 ./Core/Src/sct.o
 .debug_rnglists
                0x000000000000004e       0x20 ./Core/Src/stm32f0xx_hal_msp.o
 .debug_rnglists
                0x000000000000006e       0x2b ./Core/Src/stm32f0xx_it.o
 .debug_rnglists
                0x0000000000000099       0x79 ./Core/Src/syscalls.o
 .debug_rnglists
                0x0000000000000112       0x13 ./Core/Src/sysmem.o
 .debug_rnglists
                0x0000000000000125       0x1a ./Core/Src/system_stm32f0xx.o
 .debug_rnglists
                0x000000000000013f       0x19 ./Core/Startup/startup_stm32f030r8tx.o
 .debug_rnglists
                0x0000000000000158       0x97 ./Drivers/STM32F0xx_HAL_Driver/Src/stm32f0xx_hal.o
 .debug_rnglists
                0x00000000000001ef       0x8c ./Drivers/STM32F0xx_HAL_Driver/Src/stm32f0xx_hal_cortex.o
 .debug_rnglists
                0x000000000000027b       0x3f ./Drivers/STM32F0xx_HAL_Driver/Src/stm32f0xx_hal_gpio.o
 .debug_rnglists
                0x00000000000002ba       0x60 ./Drivers/STM32F0xx_HAL_Driver/Src/stm32f0xx_hal_rcc.o
 .debug_rnglists
                0x000000000000031a      0x1ce ./Drivers/STM32F0xx_HAL_Driver/Src/stm32f0xx_hal_uart.o

.debug_macro    0x0000000000000000    0x104b6
 .debug_macro   0x0000000000000000      0x297 ./Core/Src/main.o
 .debug_macro   0x0000000000000297      0xa7e ./Core/Src/main.o
 .debug_macro   0x0000000000000d15      0x12d ./Core/Src/main.o
 .debug_macro   0x0000000000000e42       0x2e ./Core/Src/main.o
 .debug_macro   0x0000000000000e70       0x22 ./Core/Src/main.o
 .debug_macro   0x0000000000000e92       0x22 ./Core/Src/main.o
 .debug_macro   0x0000000000000eb4       0x8e ./Core/Src/main.o
 .debug_macro   0x0000000000000f42       0x51 ./Core/Src/main.o
 .debug_macro   0x0000000000000f93      0x103 ./Core/Src/main.o
 .debug_macro   0x0000000000001096       0x6a ./Core/Src/main.o
 .debug_macro   0x0000000000001100      0x1df ./Core/Src/main.o
 .debug_macro   0x00000000000012df       0x1c ./Core/Src/main.o
 .debug_macro   0x00000000000012fb       0x22 ./Core/Src/main.o
 .debug_macro   0x000000000000131d       0xaf ./Core/Src/main.o
 .debug_macro   0x00000000000013cc      0x391 ./Core/Src/main.o
 .debug_macro   0x000000000000175d     0x6f40 ./Core/Src/main.o
 .debug_macro   0x000000000000869d       0x66 ./Core/Src/main.o
 .debug_macro   0x0000000000008703     0x34a6 ./Core/Src/main.o
 .debug_macro   0x000000000000bba9      0x174 ./Core/Src/main.o
 .debug_macro   0x000000000000bd1d       0x55 ./Core/Src/main.o
 .debug_macro   0x000000000000bd72      0x924 ./Core/Src/main.o
 .debug_macro   0x000000000000c696      0x17f ./Core/Src/main.o
 .debug_macro   0x000000000000c815      0x1af ./Core/Src/main.o
 .debug_macro   0x000000000000c9c4       0xd9 ./Core/Src/main.o
 .debug_macro   0x000000000000ca9d      0x1a0 ./Core/Src/main.o
 .debug_macro   0x000000000000cc3d      0x1ed ./Core/Src/main.o
 .debug_macro   0x000000000000ce2a       0x34 ./Core/Src/main.o
 .debug_macro   0x000000000000ce5e       0x43 ./Core/Src/main.o
 .debug_macro   0x000000000000cea1       0x28 ./Core/Src/main.o
 .debug_macro   0x000000000000cec9       0xb0 ./Core/Src/main.o
 .debug_macro   0x000000000000cf79      0x199 ./Core/Src/main.o
 .debug_macro   0x000000000000d112      0x22c ./Core/Src/main.o
 .debug_macro   0x000000000000d33e       0x61 ./Core/Src/main.o
 .debug_macro   0x000000000000d39f       0xa5 ./Core/Src/main.o
 .debug_macro   0x000000000000d444       0x4c ./Core/Src/main.o
 .debug_macro   0x000000000000d490       0x2b ./Core/Src/main.o
 .debug_macro   0x000000000000d4bb      0x55f ./Core/Src/main.o
 .debug_macro   0x000000000000da1a       0x3e ./Core/Src/main.o
 .debug_macro   0x000000000000da58       0xff ./Core/Src/main.o
 .debug_macro   0x000000000000db57       0x94 ./Core/Src/main.o
 .debug_macro   0x000000000000dbeb       0x24 ./Core/Src/main.o
 .debug_macro   0x000000000000dc0f       0x61 ./Core/Src/main.o
 .debug_macro   0x000000000000dc70       0x43 ./Core/Src/main.o
 .debug_macro   0x000000000000dcb3       0x34 ./Core/Src/main.o
 .debug_macro   0x000000000000dce7       0x16 ./Core/Src/main.o
 .debug_macro   0x000000000000dcfd       0x35 ./Core/Src/main.o
 .debug_macro   0x000000000000dd32       0x16 ./Core/Src/main.o
 .debug_macro   0x000000000000dd48       0x43 ./Core/Src/main.o
 .debug_macro   0x000000000000dd8b       0x34 ./Core/Src/main.o
 .debug_macro   0x000000000000ddbf       0x10 ./Core/Src/main.o
 .debug_macro   0x000000000000ddcf       0x58 ./Core/Src/main.o
 .debug_macro   0x000000000000de27       0x8e ./Core/Src/main.o
 .debug_macro   0x000000000000deb5       0x1c ./Core/Src/main.o
 .debug_macro   0x000000000000ded1      0x177 ./Core/Src/main.o
 .debug_macro   0x000000000000e048      0x369 ./Core/Src/main.o
 .debug_macro   0x000000000000e3b1       0x16 ./Core/Src/main.o
 .debug_macro   0x000000000000e3c7       0x29 ./Core/Src/main.o
 .debug_macro   0x000000000000e3f0      0x1cb ./Core/Src/sct.o
 .debug_macro   0x000000000000e5bb      0x1bd ./Core/Src/stm32f0xx_hal_msp.o
 .debug_macro   0x000000000000e778      0x1c7 ./Core/Src/stm32f0xx_it.o
 .debug_macro   0x000000000000e93f      0x274 ./Core/Src/syscalls.o
 .debug_macro   0x000000000000ebb3       0x5b ./Core/Src/syscalls.o
 .debug_macro   0x000000000000ec0e       0x94 ./Core/Src/syscalls.o
 .debug_macro   0x000000000000eca2       0x57 ./Core/Src/syscalls.o
 .debug_macro   0x000000000000ecf9       0x10 ./Core/Src/syscalls.o
 .debug_macro   0x000000000000ed09       0x10 ./Core/Src/syscalls.o
 .debug_macro   0x000000000000ed19       0x10 ./Core/Src/syscalls.o
 .debug_macro   0x000000000000ed29       0x10 ./Core/Src/syscalls.o
 .debug_macro   0x000000000000ed39       0x1c ./Core/Src/syscalls.o
 .debug_macro   0x000000000000ed55       0x52 ./Core/Src/syscalls.o
 .debug_macro   0x000000000000eda7       0x22 ./Core/Src/syscalls.o
 .debug_macro   0x000000000000edc9       0x10 ./Core/Src/syscalls.o
 .debug_macro   0x000000000000edd9       0x52 ./Core/Src/syscalls.o
 .debug_macro   0x000000000000ee2b       0xcf ./Core/Src/syscalls.o
 .debug_macro   0x000000000000eefa       0x1c ./Core/Src/syscalls.o
 .debug_macro   0x000000000000ef16       0x3d ./Core/Src/syscalls.o
 .debug_macro   0x000000000000ef53       0x35 ./Core/Src/syscalls.o
 .debug_macro   0x000000000000ef88      0x12c ./Core/Src/syscalls.o
 .debug_macro   0x000000000000f0b4       0x10 ./Core/Src/syscalls.o
 .debug_macro   0x000000000000f0c4      0x242 ./Core/Src/syscalls.o
 .debug_macro   0x000000000000f306       0x1c ./Core/Src/syscalls.o
 .debug_macro   0x000000000000f322       0x10 ./Core/Src/syscalls.o
 .debug_macro   0x000000000000f332       0x10 ./Core/Src/syscalls.o
 .debug_macro   0x000000000000f342       0x16 ./Core/Src/syscalls.o
 .debug_macro   0x000000000000f358      0x147 ./Core/Src/syscalls.o
 .debug_macro   0x000000000000f49f      0x18a ./Core/Src/syscalls.o
 .debug_macro   0x000000000000f629       0x16 ./Core/Src/syscalls.o
 .debug_macro   0x000000000000f63f       0xce ./Core/Src/syscalls.o
 .debug_macro   0x000000000000f70d       0xff ./Core/Src/sysmem.o
 .debug_macro   0x000000000000f80c      0x23c ./Core/Src/sysmem.o
 .debug_macro   0x000000000000fa48      0x1ae ./Core/Src/system_stm32f0xx.o
 .debug_macro   0x000000000000fbf6      0x1d2 ./Drivers/STM32F0xx_HAL_Driver/Src/stm32f0xx_hal.o
 .debug_macro   0x000000000000fdc8      0x1ae ./Drivers/STM32F0xx_HAL_Driver/Src/stm32f0xx_hal_cortex.o
 .debug_macro   0x000000000000ff76      0x1b5 ./Drivers/STM32F0xx_HAL_Driver/Src/stm32f0xx_hal_gpio.o
 .debug_macro   0x000000000001012b      0x1c0 ./Drivers/STM32F0xx_HAL_Driver/Src/stm32f0xx_hal_rcc.o
 .debug_macro   0x00000000000102eb      0x1cb ./Drivers/STM32F0xx_HAL_Driver/Src/stm32f0xx_hal_uart.o

.debug_line     0x0000000000000000     0x8fdc
 .debug_line    0x0000000000000000      0x9e4 ./Core/Src/main.o
 .debug_line    0x00000000000009e4      0x7a6 ./Core/Src/sct.o
 .debug_line    0x000000000000118a      0x787 ./Core/Src/stm32f0xx_hal_msp.o
 .debug_line    0x0000000000001911      0x79e ./Core/Src/stm32f0xx_it.o
 .debug_line    0x00000000000020af      0x8b2 ./Core/Src/syscalls.o
 .debug_line    0x0000000000002961      0x583 ./Core/Src/sysmem.o
 .debug_line    0x0000000000002ee4      0x7a9 ./Core/Src/system_stm32f0xx.o
 .debug_line    0x000000000000368d       0x7b ./Core/Startup/startup_stm32f030r8tx.o
 .debug_line    0x0000000000003708      0x9b4 ./Drivers/STM32F0xx_HAL_Driver/Src/stm32f0xx_hal.o
 .debug_line    0x00000000000040bc      0xa60 ./Drivers/STM32F0xx_HAL_Driver/Src/stm32f0xx_hal_cortex.o
 .debug_line    0x0000000000004b1c      0xb31 ./Drivers/STM32F0xx_HAL_Driver/Src/stm32f0xx_hal_gpio.o
 .debug_line    0x000000000000564d      0xd9d ./Drivers/STM32F0xx_HAL_Driver/Src/stm32f0xx_hal_rcc.o
 .debug_line    0x00000000000063ea     0x2bf2 ./Drivers/STM32F0xx_HAL_Driver/Src/stm32f0xx_hal_uart.o

.debug_str      0x0000000000000000    0x5e6ac
 .debug_str     0x0000000000000000    0x5abf0 ./Core/Src/main.o
                                      0x5aed3 (size before relaxing)
 .debug_str     0x000000000005abf0       0x25 ./Core/Src/sct.o
                                      0x576a6 (size before relaxing)
 .debug_str     0x000000000005ac15       0x66 ./Core/Src/stm32f0xx_hal_msp.o
                                      0x57b14 (size before relaxing)
 .debug_str     0x000000000005ac7b       0x82 ./Core/Src/stm32f0xx_it.o
                                      0x5763a (size before relaxing)
 .debug_str     0x000000000005acfd     0x265b ./Core/Src/syscalls.o
                                       0x977d (size before relaxing)
 .debug_str     0x000000000005d358       0x6b ./Core/Src/sysmem.o
                                       0x5f34 (size before relaxing)
 .debug_str     0x000000000005d3c3       0x8b ./Core/Src/system_stm32f0xx.o
                                      0x574ac (size before relaxing)
 .debug_str     0x000000000005d44e       0x34 ./Core/Startup/startup_stm32f030r8tx.o
                                         0x4e (size before relaxing)
 .debug_str     0x000000000005d482      0x4bb ./Drivers/STM32F0xx_HAL_Driver/Src/stm32f0xx_hal.o
                                      0x57a3d (size before relaxing)
 .debug_str     0x000000000005d93d      0x1be ./Drivers/STM32F0xx_HAL_Driver/Src/stm32f0xx_hal_cortex.o
                                      0x5782e (size before relaxing)
 .debug_str     0x000000000005dafb      0x102 ./Drivers/STM32F0xx_HAL_Driver/Src/stm32f0xx_hal_gpio.o
                                      0x5764d (size before relaxing)
 .debug_str     0x000000000005dbfd      0x21a ./Drivers/STM32F0xx_HAL_Driver/Src/stm32f0xx_hal_rcc.o
                                      0x578e8 (size before relaxing)
 .debug_str     0x000000000005de17      0x895 ./Drivers/STM32F0xx_HAL_Driver/Src/stm32f0xx_hal_uart.o
                                      0x5819d (size before relaxing)

.debug_frame    0x0000000000000000     0x1f30
 .debug_frame   0x0000000000000000       0xa8 ./Core/Src/main.o
 .debug_frame   0x00000000000000a8       0x6c ./Core/Src/sct.o
 .debug_frame   0x0000000000000114       0x70 ./Core/Src/stm32f0xx_hal_msp.o
 .debug_frame   0x0000000000000184       0x9c ./Core/Src/stm32f0xx_it.o
 .debug_frame   0x0000000000000220      0x244 ./Core/Src/syscalls.o
 .debug_frame   0x0000000000000464       0x30 ./Core/Src/sysmem.o
 .debug_frame   0x0000000000000494       0x4c ./Core/Src/system_stm32f0xx.o
 .debug_frame   0x00000000000004e0      0x2a4 ./Drivers/STM32F0xx_HAL_Driver/Src/stm32f0xx_hal.o
 .debug_frame   0x0000000000000784      0x2a0 ./Drivers/STM32F0xx_HAL_Driver/Src/stm32f0xx_hal_cortex.o
 .debug_frame   0x0000000000000a24      0x110 ./Drivers/STM32F0xx_HAL_Driver/Src/stm32f0xx_hal_gpio.o
 .debug_frame   0x0000000000000b34      0x198 ./Drivers/STM32F0xx_HAL_Driver/Src/stm32f0xx_hal_rcc.o
 .debug_frame   0x0000000000000ccc      0x810 ./Drivers/STM32F0xx_HAL_Driver/Src/stm32f0xx_hal_uart.o
 .debug_frame   0x00000000000014dc       0x44 C:/ST/STM32CubeIDE_1.14.0/STM32CubeIDE/plugins/com.st.stm32cube.ide.mcu.externaltools.gnu-tools-for-stm32.11.3.rel1.win32_1.1.100.202309141235/tools/bin/../lib/gcc/arm-none-eabi/11.3.1/../../../../arm-none-eabi/lib/thumb/v6-m/nofp\libc_nano.a(libc_a-rand.o)
 .debug_frame   0x0000000000001520      0x138 C:/ST/STM32CubeIDE_1.14.0/STM32CubeIDE/plugins/com.st.stm32cube.ide.mcu.externaltools.gnu-tools-for-stm32.11.3.rel1.win32_1.1.100.202309141235/tools/bin/../lib/gcc/arm-none-eabi/11.3.1/../../../../arm-none-eabi/lib/thumb/v6-m/nofp\libc_nano.a(libc_a-findfp.o)
 .debug_frame   0x0000000000001658       0x34 C:/ST/STM32CubeIDE_1.14.0/STM32CubeIDE/plugins/com.st.stm32cube.ide.mcu.externaltools.gnu-tools-for-stm32.11.3.rel1.win32_1.1.100.202309141235/tools/bin/../lib/gcc/arm-none-eabi/11.3.1/../../../../arm-none-eabi/lib/thumb/v6-m/nofp\libc_nano.a(libc_a-fwalk.o)
 .debug_frame   0x000000000000168c       0x90 C:/ST/STM32CubeIDE_1.14.0/STM32CubeIDE/plugins/com.st.stm32cube.ide.mcu.externaltools.gnu-tools-for-stm32.11.3.rel1.win32_1.1.100.202309141235/tools/bin/../lib/gcc/arm-none-eabi/11.3.1/../../../../arm-none-eabi/lib/thumb/v6-m/nofp\libc_nano.a(libc_a-stdio.o)
 .debug_frame   0x000000000000171c       0x20 C:/ST/STM32CubeIDE_1.14.0/STM32CubeIDE/plugins/com.st.stm32cube.ide.mcu.externaltools.gnu-tools-for-stm32.11.3.rel1.win32_1.1.100.202309141235/tools/bin/../lib/gcc/arm-none-eabi/11.3.1/../../../../arm-none-eabi/lib/thumb/v6-m/nofp\libc_nano.a(libc_a-memset.o)
 .debug_frame   0x000000000000173c       0x2c C:/ST/STM32CubeIDE_1.14.0/STM32CubeIDE/plugins/com.st.stm32cube.ide.mcu.externaltools.gnu-tools-for-stm32.11.3.rel1.win32_1.1.100.202309141235/tools/bin/../lib/gcc/arm-none-eabi/11.3.1/../../../../arm-none-eabi/lib/thumb/v6-m/nofp\libc_nano.a(libc_a-closer.o)
 .debug_frame   0x0000000000001768       0x2c C:/ST/STM32CubeIDE_1.14.0/STM32CubeIDE/plugins/com.st.stm32cube.ide.mcu.externaltools.gnu-tools-for-stm32.11.3.rel1.win32_1.1.100.202309141235/tools/bin/../lib/gcc/arm-none-eabi/11.3.1/../../../../arm-none-eabi/lib/thumb/v6-m/nofp\libc_nano.a(libc_a-reent.o)
 .debug_frame   0x0000000000001794       0x2c C:/ST/STM32CubeIDE_1.14.0/STM32CubeIDE/plugins/com.st.stm32cube.ide.mcu.externaltools.gnu-tools-for-stm32.11.3.rel1.win32_1.1.100.202309141235/tools/bin/../lib/gcc/arm-none-eabi/11.3.1/../../../../arm-none-eabi/lib/thumb/v6-m/nofp\libc_nano.a(libc_a-lseekr.o)
 .debug_frame   0x00000000000017c0       0x2c C:/ST/STM32CubeIDE_1.14.0/STM32CubeIDE/plugins/com.st.stm32cube.ide.mcu.externaltools.gnu-tools-for-stm32.11.3.rel1.win32_1.1.100.202309141235/tools/bin/../lib/gcc/arm-none-eabi/11.3.1/../../../../arm-none-eabi/lib/thumb/v6-m/nofp\libc_nano.a(libc_a-readr.o)
 .debug_frame   0x00000000000017ec       0x2c C:/ST/STM32CubeIDE_1.14.0/STM32CubeIDE/plugins/com.st.stm32cube.ide.mcu.externaltools.gnu-tools-for-stm32.11.3.rel1.win32_1.1.100.202309141235/tools/bin/../lib/gcc/arm-none-eabi/11.3.1/../../../../arm-none-eabi/lib/thumb/v6-m/nofp\libc_nano.a(libc_a-writer.o)
 .debug_frame   0x0000000000001818       0x20 C:/ST/STM32CubeIDE_1.14.0/STM32CubeIDE/plugins/com.st.stm32cube.ide.mcu.externaltools.gnu-tools-for-stm32.11.3.rel1.win32_1.1.100.202309141235/tools/bin/../lib/gcc/arm-none-eabi/11.3.1/../../../../arm-none-eabi/lib/thumb/v6-m/nofp\libc_nano.a(libc_a-errno.o)
 .debug_frame   0x0000000000001838       0x2c C:/ST/STM32CubeIDE_1.14.0/STM32CubeIDE/plugins/com.st.stm32cube.ide.mcu.externaltools.gnu-tools-for-stm32.11.3.rel1.win32_1.1.100.202309141235/tools/bin/../lib/gcc/arm-none-eabi/11.3.1/../../../../arm-none-eabi/lib/thumb/v6-m/nofp\libc_nano.a(libc_a-init.o)
 .debug_frame   0x0000000000001864       0xb0 C:/ST/STM32CubeIDE_1.14.0/STM32CubeIDE/plugins/com.st.stm32cube.ide.mcu.externaltools.gnu-tools-for-stm32.11.3.rel1.win32_1.1.100.202309141235/tools/bin/../lib/gcc/arm-none-eabi/11.3.1/../../../../arm-none-eabi/lib/thumb/v6-m/nofp\libc_nano.a(libc_a-lock.o)
 .debug_frame   0x0000000000001914       0x4c C:/ST/STM32CubeIDE_1.14.0/STM32CubeIDE/plugins/com.st.stm32cube.ide.mcu.externaltools.gnu-tools-for-stm32.11.3.rel1.win32_1.1.100.202309141235/tools/bin/../lib/gcc/arm-none-eabi/11.3.1/../../../../arm-none-eabi/lib/thumb/v6-m/nofp\libc_nano.a(libc_a-assert.o)
 .debug_frame   0x0000000000001960       0x2c C:/ST/STM32CubeIDE_1.14.0/STM32CubeIDE/plugins/com.st.stm32cube.ide.mcu.externaltools.gnu-tools-for-stm32.11.3.rel1.win32_1.1.100.202309141235/tools/bin/../lib/gcc/arm-none-eabi/11.3.1/../../../../arm-none-eabi/lib/thumb/v6-m/nofp\libc_nano.a(libc_a-freer.o)
 .debug_frame   0x000000000000198c       0x40 C:/ST/STM32CubeIDE_1.14.0/STM32CubeIDE/plugins/com.st.stm32cube.ide.mcu.externaltools.gnu-tools-for-stm32.11.3.rel1.win32_1.1.100.202309141235/tools/bin/../lib/gcc/arm-none-eabi/11.3.1/../../../../arm-none-eabi/lib/thumb/v6-m/nofp\libc_nano.a(libc_a-malloc.o)
 .debug_frame   0x00000000000019cc       0x50 C:/ST/STM32CubeIDE_1.14.0/STM32CubeIDE/plugins/com.st.stm32cube.ide.mcu.externaltools.gnu-tools-for-stm32.11.3.rel1.win32_1.1.100.202309141235/tools/bin/../lib/gcc/arm-none-eabi/11.3.1/../../../../arm-none-eabi/lib/thumb/v6-m/nofp\libc_nano.a(libc_a-mallocr.o)
 .debug_frame   0x0000000000001a1c       0x40 C:/ST/STM32CubeIDE_1.14.0/STM32CubeIDE/plugins/com.st.stm32cube.ide.mcu.externaltools.gnu-tools-for-stm32.11.3.rel1.win32_1.1.100.202309141235/tools/bin/../lib/gcc/arm-none-eabi/11.3.1/../../../../arm-none-eabi/lib/thumb/v6-m/nofp\libc_nano.a(libc_a-mlock.o)
 .debug_frame   0x0000000000001a5c       0x68 C:/ST/STM32CubeIDE_1.14.0/STM32CubeIDE/plugins/com.st.stm32cube.ide.mcu.externaltools.gnu-tools-for-stm32.11.3.rel1.win32_1.1.100.202309141235/tools/bin/../lib/gcc/arm-none-eabi/11.3.1/../../../../arm-none-eabi/lib/thumb/v6-m/nofp\libc_nano.a(libc_a-fflush.o)
 .debug_frame   0x0000000000001ac4       0x50 C:/ST/STM32CubeIDE_1.14.0/STM32CubeIDE/plugins/com.st.stm32cube.ide.mcu.externaltools.gnu-tools-for-stm32.11.3.rel1.win32_1.1.100.202309141235/tools/bin/../lib/gcc/arm-none-eabi/11.3.1/../../../../arm-none-eabi/lib/thumb/v6-m/nofp\libc_nano.a(libc_a-fprintf.o)
 .debug_frame   0x0000000000001b14       0x2c C:/ST/STM32CubeIDE_1.14.0/STM32CubeIDE/plugins/com.st.stm32cube.ide.mcu.externaltools.gnu-tools-for-stm32.11.3.rel1.win32_1.1.100.202309141235/tools/bin/../lib/gcc/arm-none-eabi/11.3.1/../../../../arm-none-eabi/lib/thumb/v6-m/nofp\libc_nano.a(libc_a-sbrkr.o)
 .debug_frame   0x0000000000001b40       0x28 C:/ST/STM32CubeIDE_1.14.0/STM32CubeIDE/plugins/com.st.stm32cube.ide.mcu.externaltools.gnu-tools-for-stm32.11.3.rel1.win32_1.1.100.202309141235/tools/bin/../lib/gcc/arm-none-eabi/11.3.1/../../../../arm-none-eabi/lib/thumb/v6-m/nofp\libc_nano.a(libc_a-abort.o)
 .debug_frame   0x0000000000001b68       0x9c C:/ST/STM32CubeIDE_1.14.0/STM32CubeIDE/plugins/com.st.stm32cube.ide.mcu.externaltools.gnu-tools-for-stm32.11.3.rel1.win32_1.1.100.202309141235/tools/bin/../lib/gcc/arm-none-eabi/11.3.1/../../../../arm-none-eabi/lib/thumb/v6-m/nofp\libc_nano.a(libc_a-nano-vfprintf.o)
 .debug_frame   0x0000000000001c04       0x54 C:/ST/STM32CubeIDE_1.14.0/STM32CubeIDE/plugins/com.st.stm32cube.ide.mcu.externaltools.gnu-tools-for-stm32.11.3.rel1.win32_1.1.100.202309141235/tools/bin/../lib/gcc/arm-none-eabi/11.3.1/../../../../arm-none-eabi/lib/thumb/v6-m/nofp\libc_nano.a(libc_a-nano-vfprintf_i.o)
 .debug_frame   0x0000000000001c58       0x48 C:/ST/STM32CubeIDE_1.14.0/STM32CubeIDE/plugins/com.st.stm32cube.ide.mcu.externaltools.gnu-tools-for-stm32.11.3.rel1.win32_1.1.100.202309141235/tools/bin/../lib/gcc/arm-none-eabi/11.3.1/../../../../arm-none-eabi/lib/thumb/v6-m/nofp\libc_nano.a(libc_a-wbuf.o)
 .debug_frame   0x0000000000001ca0       0x2c C:/ST/STM32CubeIDE_1.14.0/STM32CubeIDE/plugins/com.st.stm32cube.ide.mcu.externaltools.gnu-tools-for-stm32.11.3.rel1.win32_1.1.100.202309141235/tools/bin/../lib/gcc/arm-none-eabi/11.3.1/../../../../arm-none-eabi/lib/thumb/v6-m/nofp\libc_nano.a(libc_a-wsetup.o)
 .debug_frame   0x0000000000001ccc       0xe0 C:/ST/STM32CubeIDE_1.14.0/STM32CubeIDE/plugins/com.st.stm32cube.ide.mcu.externaltools.gnu-tools-for-stm32.11.3.rel1.win32_1.1.100.202309141235/tools/bin/../lib/gcc/arm-none-eabi/11.3.1/../../../../arm-none-eabi/lib/thumb/v6-m/nofp\libc_nano.a(libc_a-signal.o)
 .debug_frame   0x0000000000001dac       0x44 C:/ST/STM32CubeIDE_1.14.0/STM32CubeIDE/plugins/com.st.stm32cube.ide.mcu.externaltools.gnu-tools-for-stm32.11.3.rel1.win32_1.1.100.202309141235/tools/bin/../lib/gcc/arm-none-eabi/11.3.1/../../../../arm-none-eabi/lib/thumb/v6-m/nofp\libc_nano.a(libc_a-signalr.o)
 .debug_frame   0x0000000000001df0       0x20 C:/ST/STM32CubeIDE_1.14.0/STM32CubeIDE/plugins/com.st.stm32cube.ide.mcu.externaltools.gnu-tools-for-stm32.11.3.rel1.win32_1.1.100.202309141235/tools/bin/../lib/gcc/arm-none-eabi/11.3.1/../../../../arm-none-eabi/lib/thumb/v6-m/nofp\libc_nano.a(libc_a-memchr-stub.o)
 .debug_frame   0x0000000000001e10       0x54 C:/ST/STM32CubeIDE_1.14.0/STM32CubeIDE/plugins/com.st.stm32cube.ide.mcu.externaltools.gnu-tools-for-stm32.11.3.rel1.win32_1.1.100.202309141235/tools/bin/../lib/gcc/arm-none-eabi/11.3.1/../../../../arm-none-eabi/lib/thumb/v6-m/nofp\libc_nano.a(libc_a-makebuf.o)
 .debug_frame   0x0000000000001e64       0x2c C:/ST/STM32CubeIDE_1.14.0/STM32CubeIDE/plugins/com.st.stm32cube.ide.mcu.externaltools.gnu-tools-for-stm32.11.3.rel1.win32_1.1.100.202309141235/tools/bin/../lib/gcc/arm-none-eabi/11.3.1/../../../../arm-none-eabi/lib/thumb/v6-m/nofp\libc_nano.a(libc_a-fstatr.o)
 .debug_frame   0x0000000000001e90       0x2c C:/ST/STM32CubeIDE_1.14.0/STM32CubeIDE/plugins/com.st.stm32cube.ide.mcu.externaltools.gnu-tools-for-stm32.11.3.rel1.win32_1.1.100.202309141235/tools/bin/../lib/gcc/arm-none-eabi/11.3.1/../../../../arm-none-eabi/lib/thumb/v6-m/nofp\libc_nano.a(libc_a-isattyr.o)
 .debug_frame   0x0000000000001ebc       0x20 C:/ST/STM32CubeIDE_1.14.0/STM32CubeIDE/plugins/com.st.stm32cube.ide.mcu.externaltools.gnu-tools-for-stm32.11.3.rel1.win32_1.1.100.202309141235/tools/bin/../lib/gcc/arm-none-eabi/11.3.1/thumb/v6-m/nofp\libgcc.a(_udivsi3.o)
 .debug_frame   0x0000000000001edc       0x20 C:/ST/STM32CubeIDE_1.14.0/STM32CubeIDE/plugins/com.st.stm32cube.ide.mcu.externaltools.gnu-tools-for-stm32.11.3.rel1.win32_1.1.100.202309141235/tools/bin/../lib/gcc/arm-none-eabi/11.3.1/thumb/v6-m/nofp\libgcc.a(_divsi3.o)